[2026-05-11 19:33:16][cifar10_blended_xai_splitshield_split2_s42][INFO] TensorBoard writer initialized.
[2026-05-11 19:33:16][cifar10_blended_xai_splitshield_split2_s42][INFO] Running: cifar10_blended_xai_splitshield_split2_s42
[2026-05-11 19:33:16][cifar10_blended_xai_splitshield_split2_s42][INFO] Device: cuda
[2026-05-11 19:33:17][cifar10_blended_xai_splitshield_split2_s42][INFO] Smashed data shape: torch.Size([128, 4, 4])  (d=2048)
[2026-05-11 19:33:17][cifar10_blended_xai_splitshield_split2_s42][INFO] [Epoch 1] WARM-UP PHASE
[2026-05-11 19:33:27][cifar10_blended_xai_splitshield_split2_s42][INFO] [Epoch 001][TRAIN] loss=2.0116 | train_acc=0.3200 | val_acc=0.4690 | asr=0.0000 | aas_mean=0.0000 | precision=0.0000 | recall=0.0000 | f1=0.0000
[2026-05-11 19:33:27][cifar10_blended_xai_splitshield_split2_s42][INFO] [Epoch 2] WARM-UP PHASE
[2026-05-11 19:33:38][cifar10_blended_xai_splitshield_split2_s42][INFO] [Epoch 002][TRAIN] loss=1.5733 | train_acc=0.4327 | val_acc=0.5025 | asr=0.0000 | aas_mean=0.0000 | precision=0.0000 | recall=0.0000 | f1=0.0000
[2026-05-11 19:33:38][cifar10_blended_xai_splitshield_split2_s42][INFO] [Epoch 3] WARM-UP PHASE
[2026-05-11 19:33:49][cifar10_blended_xai_splitshield_split2_s42][INFO] [Epoch 003][TRAIN] loss=1.4464 | train_acc=0.4836 | val_acc=0.5641 | asr=0.0000 | aas_mean=0.0000 | precision=0.0000 | recall=0.0000 | f1=0.0000
[2026-05-11 19:33:49][cifar10_blended_xai_splitshield_split2_s42][INFO] [Epoch 4] WARM-UP PHASE
[2026-05-11 19:33:59][cifar10_blended_xai_splitshield_split2_s42][INFO] [Epoch 004][TRAIN] loss=1.3412 | train_acc=0.5300 | val_acc=0.6142 | asr=0.0000 | aas_mean=0.0000 | precision=0.0000 | recall=0.0000 | f1=0.0000
[2026-05-11 19:33:59][cifar10_blended_xai_splitshield_split2_s42][INFO] [Epoch 5] WARM-UP PHASE
[2026-05-11 19:34:10][cifar10_blended_xai_splitshield_split2_s42][INFO] [Epoch 005][TRAIN] loss=1.2265 | train_acc=0.5756 | val_acc=0.5822 | asr=0.0000 | aas_mean=0.0000 | precision=0.0000 | recall=0.0000 | f1=0.0000
[2026-05-11 19:34:10][cifar10_blended_xai_splitshield_split2_s42][INFO] Defense calibrated. Threshold τ = 3.0202
[2026-05-11 19:34:38][cifar10_blended_xai_splitshield_split2_s42][INFO] [Epoch 006][TRAIN] loss=1.2684 | train_acc=0.5509 | val_acc=0.6125 | asr=0.0604 | aas_mean=4.3492 | precision=0.1198 | recall=0.6341 | f1=0.2016
[2026-05-11 19:35:06][cifar10_blended_xai_splitshield_split2_s42][INFO] [Epoch 007][TRAIN] loss=1.1883 | train_acc=0.5874 | val_acc=0.6069 | asr=0.0771 | aas_mean=5.9142 | precision=0.0934 | recall=0.6316 | f1=0.1627
[2026-05-11 19:35:35][cifar10_blended_xai_splitshield_split2_s42][INFO] [Epoch 008][TRAIN] loss=1.1227 | train_acc=0.6093 | val_acc=0.6911 | asr=0.0410 | aas_mean=6.2361 | precision=0.1014 | recall=0.7000 | f1=0.1772
[2026-05-11 19:36:03][cifar10_blended_xai_splitshield_split2_s42][INFO] [Epoch 009][TRAIN] loss=1.0865 | train_acc=0.6278 | val_acc=0.6923 | asr=0.0387 | aas_mean=5.3194 | precision=0.0979 | recall=0.5897 | f1=0.1679
[2026-05-11 19:36:31][cifar10_blended_xai_splitshield_split2_s42][INFO] [Epoch 010][TRAIN] loss=1.0319 | train_acc=0.6514 | val_acc=0.6995 | asr=0.0630 | aas_mean=5.4065 | precision=0.0778 | recall=0.7143 | f1=0.1404
[2026-05-11 19:36:59][cifar10_blended_xai_splitshield_split2_s42][INFO] [Epoch 011][TRAIN] loss=1.0316 | train_acc=0.6480 | val_acc=0.6912 | asr=0.0348 | aas_mean=5.1738 | precision=0.1043 | recall=0.6486 | f1=0.1798
[2026-05-11 19:37:28][cifar10_blended_xai_splitshield_split2_s42][INFO] [Epoch 012][TRAIN] loss=1.0275 | train_acc=0.6430 | val_acc=0.7227 | asr=0.0483 | aas_mean=5.1239 | precision=0.1197 | recall=0.6222 | f1=0.2007
[2026-05-11 19:37:56][cifar10_blended_xai_splitshield_split2_s42][INFO] [Epoch 013][TRAIN] loss=0.9556 | train_acc=0.6755 | val_acc=0.7277 | asr=0.0648 | aas_mean=5.4156 | precision=0.0787 | recall=0.5882 | f1=0.1389
[2026-05-11 19:38:24][cifar10_blended_xai_splitshield_split2_s42][INFO] [Epoch 014][TRAIN] loss=0.9430 | train_acc=0.6818 | val_acc=0.7404 | asr=0.0479 | aas_mean=5.4183 | precision=0.0791 | recall=0.5405 | f1=0.1379
[2026-05-11 19:38:52][cifar10_blended_xai_splitshield_split2_s42][INFO] [Epoch 015][TRAIN] loss=0.9442 | train_acc=0.6741 | val_acc=0.7202 | asr=0.0380 | aas_mean=5.6736 | precision=0.1128 | recall=0.6744 | f1=0.1933
[2026-05-11 19:39:20][cifar10_blended_xai_splitshield_split2_s42][INFO] [Epoch 016][TRAIN] loss=0.9551 | train_acc=0.6717 | val_acc=0.7117 | asr=0.1521 | aas_mean=5.8645 | precision=0.1022 | recall=0.6087 | f1=0.1750
[2026-05-11 19:39:48][cifar10_blended_xai_splitshield_split2_s42][INFO] [Epoch 017][TRAIN] loss=0.8827 | train_acc=0.7070 | val_acc=0.7200 | asr=0.0982 | aas_mean=5.7342 | precision=0.0802 | recall=0.6774 | f1=0.1433
[2026-05-11 19:40:17][cifar10_blended_xai_splitshield_split2_s42][INFO] [Epoch 018][TRAIN] loss=0.8854 | train_acc=0.7036 | val_acc=0.7327 | asr=0.0130 | aas_mean=5.4717 | precision=0.1037 | recall=0.6250 | f1=0.1779
[2026-05-11 19:40:45][cifar10_blended_xai_splitshield_split2_s42][INFO] [Epoch 019][TRAIN] loss=0.8769 | train_acc=0.7011 | val_acc=0.7759 | asr=0.0272 | aas_mean=4.9710 | precision=0.0991 | recall=0.4773 | f1=0.1641
[2026-05-11 19:41:13][cifar10_blended_xai_splitshield_split2_s42][INFO] [Epoch 020][TRAIN] loss=0.8651 | train_acc=0.7059 | val_acc=0.7566 | asr=0.0146 | aas_mean=5.1480 | precision=0.1050 | recall=0.5750 | f1=0.1776
[2026-05-11 19:41:41][cifar10_blended_xai_splitshield_split2_s42][INFO] [Epoch 021][TRAIN] loss=0.8293 | train_acc=0.7242 | val_acc=0.7734 | asr=0.0140 | aas_mean=5.0290 | precision=0.0864 | recall=0.5758 | f1=0.1502
