[2026-05-12 15:49:28][cifar10_blended_xai_splitshield_split2_s42][INFO] TensorBoard writer initialized.
[2026-05-12 15:49:28][cifar10_blended_xai_splitshield_split2_s42][INFO] Running: cifar10_blended_xai_splitshield_split2_s42
[2026-05-12 15:49:28][cifar10_blended_xai_splitshield_split2_s42][INFO] Device: cuda
[2026-05-12 15:49:29][cifar10_blended_xai_splitshield_split2_s42][INFO] Smashed data shape: torch.Size([128, 4, 4])  (d=2048)
[2026-05-12 15:49:29][cifar10_blended_xai_splitshield_split2_s42][INFO] [Epoch 1] WARM-UP PHASE
[2026-05-12 15:49:39][cifar10_blended_xai_splitshield_split2_s42][INFO] [Epoch 001][TRAIN] loss=2.0116 | train_acc=0.3200 | val_acc=0.4690 | asr=0.0000 | aas_mean=0.0000 | precision=0.0000 | recall=0.0000 | f1=0.0000
[2026-05-12 15:49:39][cifar10_blended_xai_splitshield_split2_s42][INFO] [Epoch 2] WARM-UP PHASE
[2026-05-12 15:49:50][cifar10_blended_xai_splitshield_split2_s42][INFO] [Epoch 002][TRAIN] loss=1.5733 | train_acc=0.4327 | val_acc=0.5025 | asr=0.0000 | aas_mean=0.0000 | precision=0.0000 | recall=0.0000 | f1=0.0000
[2026-05-12 15:49:50][cifar10_blended_xai_splitshield_split2_s42][INFO] [Epoch 3] WARM-UP PHASE
[2026-05-12 15:50:00][cifar10_blended_xai_splitshield_split2_s42][INFO] [Epoch 003][TRAIN] loss=1.4464 | train_acc=0.4836 | val_acc=0.5641 | asr=0.0000 | aas_mean=0.0000 | precision=0.0000 | recall=0.0000 | f1=0.0000
[2026-05-12 15:50:00][cifar10_blended_xai_splitshield_split2_s42][INFO] [Epoch 4] WARM-UP PHASE
[2026-05-12 15:50:11][cifar10_blended_xai_splitshield_split2_s42][INFO] [Epoch 004][TRAIN] loss=1.3412 | train_acc=0.5300 | val_acc=0.6142 | asr=0.0000 | aas_mean=0.0000 | precision=0.0000 | recall=0.0000 | f1=0.0000
[2026-05-12 15:50:11][cifar10_blended_xai_splitshield_split2_s42][INFO] [Epoch 5] WARM-UP PHASE
[2026-05-12 15:50:21][cifar10_blended_xai_splitshield_split2_s42][INFO] [Epoch 005][TRAIN] loss=1.2265 | train_acc=0.5756 | val_acc=0.5822 | asr=0.0000 | aas_mean=0.0000 | precision=0.0000 | recall=0.0000 | f1=0.0000
[2026-05-12 15:50:21][cifar10_blended_xai_splitshield_split2_s42][INFO] Defense calibrated. Threshold τ = 3.0202
[2026-05-12 15:50:49][cifar10_blended_xai_splitshield_split2_s42][INFO] [Epoch 006][TRAIN] loss=1.2684 | train_acc=0.5509 | val_acc=0.6125 | asr=0.0604 | aas_mean=4.3492 | precision=0.1198 | recall=0.6341 | f1=0.2016
[2026-05-12 15:51:17][cifar10_blended_xai_splitshield_split2_s42][INFO] [Epoch 007][TRAIN] loss=1.1883 | train_acc=0.5874 | val_acc=0.6069 | asr=0.0771 | aas_mean=5.9142 | precision=0.0934 | recall=0.6316 | f1=0.1627
[2026-05-12 15:51:45][cifar10_blended_xai_splitshield_split2_s42][INFO] [Epoch 008][TRAIN] loss=1.1227 | train_acc=0.6093 | val_acc=0.6911 | asr=0.0410 | aas_mean=6.2361 | precision=0.1014 | recall=0.7000 | f1=0.1772
[2026-05-12 15:52:13][cifar10_blended_xai_splitshield_split2_s42][INFO] [Epoch 009][TRAIN] loss=1.0865 | train_acc=0.6278 | val_acc=0.6923 | asr=0.0387 | aas_mean=5.3194 | precision=0.0979 | recall=0.5897 | f1=0.1679
[2026-05-12 15:52:41][cifar10_blended_xai_splitshield_split2_s42][INFO] [Epoch 010][TRAIN] loss=1.0319 | train_acc=0.6514 | val_acc=0.6995 | asr=0.0630 | aas_mean=5.4065 | precision=0.0778 | recall=0.7143 | f1=0.1404
[2026-05-12 15:53:09][cifar10_blended_xai_splitshield_split2_s42][INFO] [Epoch 011][TRAIN] loss=1.0316 | train_acc=0.6480 | val_acc=0.6912 | asr=0.0348 | aas_mean=5.1738 | precision=0.1043 | recall=0.6486 | f1=0.1798
[2026-05-12 15:53:37][cifar10_blended_xai_splitshield_split2_s42][INFO] [Epoch 012][TRAIN] loss=1.0275 | train_acc=0.6430 | val_acc=0.7227 | asr=0.0483 | aas_mean=5.1239 | precision=0.1197 | recall=0.6222 | f1=0.2007
[2026-05-12 15:54:05][cifar10_blended_xai_splitshield_split2_s42][INFO] [Epoch 013][TRAIN] loss=0.9556 | train_acc=0.6755 | val_acc=0.7277 | asr=0.0648 | aas_mean=5.4156 | precision=0.0787 | recall=0.5882 | f1=0.1389
[2026-05-12 15:54:34][cifar10_blended_xai_splitshield_split2_s42][INFO] [Epoch 014][TRAIN] loss=0.9430 | train_acc=0.6818 | val_acc=0.7404 | asr=0.0479 | aas_mean=5.4183 | precision=0.0791 | recall=0.5405 | f1=0.1379
[2026-05-12 15:55:02][cifar10_blended_xai_splitshield_split2_s42][INFO] [Epoch 015][TRAIN] loss=0.9442 | train_acc=0.6741 | val_acc=0.7202 | asr=0.0380 | aas_mean=5.6736 | precision=0.1128 | recall=0.6744 | f1=0.1933
[2026-05-12 15:55:30][cifar10_blended_xai_splitshield_split2_s42][INFO] [Epoch 016][TRAIN] loss=0.9551 | train_acc=0.6717 | val_acc=0.7117 | asr=0.1521 | aas_mean=5.8645 | precision=0.1022 | recall=0.6087 | f1=0.1750
[2026-05-12 15:55:58][cifar10_blended_xai_splitshield_split2_s42][INFO] [Epoch 017][TRAIN] loss=0.8827 | train_acc=0.7070 | val_acc=0.7200 | asr=0.0982 | aas_mean=5.7342 | precision=0.0802 | recall=0.6774 | f1=0.1433
[2026-05-12 15:56:26][cifar10_blended_xai_splitshield_split2_s42][INFO] [Epoch 018][TRAIN] loss=0.8854 | train_acc=0.7036 | val_acc=0.7327 | asr=0.0130 | aas_mean=5.4717 | precision=0.1037 | recall=0.6250 | f1=0.1779
[2026-05-12 15:56:54][cifar10_blended_xai_splitshield_split2_s42][INFO] [Epoch 019][TRAIN] loss=0.8769 | train_acc=0.7011 | val_acc=0.7759 | asr=0.0272 | aas_mean=4.9710 | precision=0.0991 | recall=0.4773 | f1=0.1641
[2026-05-12 15:57:21][cifar10_blended_xai_splitshield_split2_s42][INFO] [Epoch 020][TRAIN] loss=0.8651 | train_acc=0.7059 | val_acc=0.7566 | asr=0.0146 | aas_mean=5.1480 | precision=0.1050 | recall=0.5750 | f1=0.1776
[2026-05-12 15:57:49][cifar10_blended_xai_splitshield_split2_s42][INFO] [Epoch 021][TRAIN] loss=0.8293 | train_acc=0.7242 | val_acc=0.7734 | asr=0.0140 | aas_mean=5.0290 | precision=0.0864 | recall=0.5758 | f1=0.1502
[2026-05-12 15:58:17][cifar10_blended_xai_splitshield_split2_s42][INFO] [Epoch 022][TRAIN] loss=0.8089 | train_acc=0.7312 | val_acc=0.7755 | asr=0.0624 | aas_mean=5.6141 | precision=0.0678 | recall=0.4571 | f1=0.1181
[2026-05-12 15:58:45][cifar10_blended_xai_splitshield_split2_s42][INFO] [Epoch 023][TRAIN] loss=0.8419 | train_acc=0.7150 | val_acc=0.7639 | asr=0.0681 | aas_mean=5.6938 | precision=0.0992 | recall=0.5556 | f1=0.1684
[2026-05-12 15:59:13][cifar10_blended_xai_splitshield_split2_s42][INFO] [Epoch 024][TRAIN] loss=0.8017 | train_acc=0.7311 | val_acc=0.7604 | asr=0.0342 | aas_mean=5.5058 | precision=0.0882 | recall=0.5526 | f1=0.1522
[2026-05-12 15:59:41][cifar10_blended_xai_splitshield_split2_s42][INFO] [Epoch 025][TRAIN] loss=0.8260 | train_acc=0.7239 | val_acc=0.7648 | asr=0.0197 | aas_mean=5.2718 | precision=0.0987 | recall=0.5610 | f1=0.1679
[2026-05-12 16:00:09][cifar10_blended_xai_splitshield_split2_s42][INFO] [Epoch 026][TRAIN] loss=0.8340 | train_acc=0.7144 | val_acc=0.7776 | asr=0.0236 | aas_mean=5.2941 | precision=0.1373 | recall=0.6667 | f1=0.2278
[2026-05-12 16:00:37][cifar10_blended_xai_splitshield_split2_s42][INFO] [Epoch 027][TRAIN] loss=0.7717 | train_acc=0.7431 | val_acc=0.7695 | asr=0.0503 | aas_mean=5.1562 | precision=0.0933 | recall=0.5833 | f1=0.1609
[2026-05-12 16:01:05][cifar10_blended_xai_splitshield_split2_s42][INFO] [Epoch 028][TRAIN] loss=0.7810 | train_acc=0.7360 | val_acc=0.7799 | asr=0.0279 | aas_mean=4.8353 | precision=0.1014 | recall=0.5385 | f1=0.1707
[2026-05-12 16:01:32][cifar10_blended_xai_splitshield_split2_s42][INFO] [Epoch 029][TRAIN] loss=0.7421 | train_acc=0.7580 | val_acc=0.7943 | asr=0.0219 | aas_mean=4.9280 | precision=0.0870 | recall=0.5806 | f1=0.1513
[2026-05-12 16:02:00][cifar10_blended_xai_splitshield_split2_s42][INFO] [Epoch 030][TRAIN] loss=0.7198 | train_acc=0.7617 | val_acc=0.7926 | asr=0.0243 | aas_mean=4.8776 | precision=0.0704 | recall=0.4839 | f1=0.1230
[2026-05-12 16:02:28][cifar10_blended_xai_splitshield_split2_s42][INFO] [Epoch 031][TRAIN] loss=0.6934 | train_acc=0.7759 | val_acc=0.7942 | asr=0.0154 | aas_mean=5.3742 | precision=0.0747 | recall=0.6667 | f1=0.1343
[2026-05-12 16:02:56][cifar10_blended_xai_splitshield_split2_s42][INFO] [Epoch 032][TRAIN] loss=0.6825 | train_acc=0.7754 | val_acc=0.7944 | asr=0.0402 | aas_mean=5.1597 | precision=0.0779 | recall=0.6207 | f1=0.1385
[2026-05-12 16:03:24][cifar10_blended_xai_splitshield_split2_s42][INFO] [Epoch 033][TRAIN] loss=0.7384 | train_acc=0.7511 | val_acc=0.8014 | asr=0.0350 | aas_mean=4.8726 | precision=0.1019 | recall=0.4773 | f1=0.1680
[2026-05-12 16:03:52][cifar10_blended_xai_splitshield_split2_s42][INFO] [Epoch 034][TRAIN] loss=0.7474 | train_acc=0.7461 | val_acc=0.7942 | asr=0.0234 | aas_mean=5.3226 | precision=0.1303 | recall=0.6739 | f1=0.2183
[2026-05-12 16:04:20][cifar10_blended_xai_splitshield_split2_s42][INFO] [Epoch 035][TRAIN] loss=0.7041 | train_acc=0.7663 | val_acc=0.7942 | asr=0.0620 | aas_mean=5.2936 | precision=0.0943 | recall=0.6389 | f1=0.1643
[2026-05-12 16:04:48][cifar10_blended_xai_splitshield_split2_s42][INFO] [Epoch 036][TRAIN] loss=0.7191 | train_acc=0.7586 | val_acc=0.8103 | asr=0.0206 | aas_mean=4.7755 | precision=0.1152 | recall=0.5952 | f1=0.1931
[2026-05-12 16:05:16][cifar10_blended_xai_splitshield_split2_s42][INFO] [Epoch 037][TRAIN] loss=0.6841 | train_acc=0.7749 | val_acc=0.8045 | asr=0.0274 | aas_mean=4.4495 | precision=0.0900 | recall=0.5429 | f1=0.1545
[2026-05-12 16:05:44][cifar10_blended_xai_splitshield_split2_s42][INFO] [Epoch 038][TRAIN] loss=0.7403 | train_acc=0.7457 | val_acc=0.8130 | asr=0.0212 | aas_mean=4.3474 | precision=0.1244 | recall=0.5000 | f1=0.1992
[2026-05-12 16:06:11][cifar10_blended_xai_splitshield_split2_s42][INFO] [Epoch 039][TRAIN] loss=0.6827 | train_acc=0.7752 | val_acc=0.8077 | asr=0.0397 | aas_mean=4.9842 | precision=0.1066 | recall=0.6667 | f1=0.1837
[2026-05-12 16:06:39][cifar10_blended_xai_splitshield_split2_s42][INFO] [Epoch 040][TRAIN] loss=0.6339 | train_acc=0.7928 | val_acc=0.8057 | asr=0.0204 | aas_mean=5.1701 | precision=0.0942 | recall=0.6774 | f1=0.1654
[2026-05-12 16:07:07][cifar10_blended_xai_splitshield_split2_s42][INFO] [Epoch 041][TRAIN] loss=0.6887 | train_acc=0.7669 | val_acc=0.8140 | asr=0.0370 | aas_mean=4.8264 | precision=0.1195 | recall=0.6279 | f1=0.2007
[2026-05-12 16:07:35][cifar10_blended_xai_splitshield_split2_s42][INFO] [Epoch 042][TRAIN] loss=0.6984 | train_acc=0.7681 | val_acc=0.7935 | asr=0.0437 | aas_mean=4.7859 | precision=0.1087 | recall=0.5682 | f1=0.1825
[2026-05-12 16:08:02][cifar10_blended_xai_splitshield_split2_s42][INFO] [Epoch 043][TRAIN] loss=0.6875 | train_acc=0.7682 | val_acc=0.8056 | asr=0.0299 | aas_mean=4.2229 | precision=0.0900 | recall=0.4186 | f1=0.1481
[2026-05-12 16:08:30][cifar10_blended_xai_splitshield_split2_s42][INFO] [Epoch 044][TRAIN] loss=0.7178 | train_acc=0.7515 | val_acc=0.8039 | asr=0.0451 | aas_mean=4.1581 | precision=0.1421 | recall=0.4821 | f1=0.2195
[2026-05-12 16:08:58][cifar10_blended_xai_splitshield_split2_s42][INFO] [Epoch 045][TRAIN] loss=0.6113 | train_acc=0.7999 | val_acc=0.8149 | asr=0.0170 | aas_mean=3.7945 | precision=0.0675 | recall=0.3333 | f1=0.1122
[2026-05-12 16:09:25][cifar10_blended_xai_splitshield_split2_s42][INFO] [Epoch 046][TRAIN] loss=0.6134 | train_acc=0.7967 | val_acc=0.8227 | asr=0.0181 | aas_mean=3.8344 | precision=0.0663 | recall=0.3143 | f1=0.1095
[2026-05-12 16:09:53][cifar10_blended_xai_splitshield_split2_s42][INFO] [Epoch 047][TRAIN] loss=0.6423 | train_acc=0.7867 | val_acc=0.7880 | asr=0.1096 | aas_mean=3.8894 | precision=0.1183 | recall=0.5116 | f1=0.1921
[2026-05-12 16:10:20][cifar10_blended_xai_splitshield_split2_s42][INFO] [Epoch 048][TRAIN] loss=0.6094 | train_acc=0.8046 | val_acc=0.8026 | asr=0.0366 | aas_mean=3.8533 | precision=0.0788 | recall=0.3939 | f1=0.1313
[2026-05-12 16:10:48][cifar10_blended_xai_splitshield_split2_s42][INFO] [Epoch 049][TRAIN] loss=0.6117 | train_acc=0.7988 | val_acc=0.8120 | asr=0.0489 | aas_mean=3.8857 | precision=0.0904 | recall=0.4286 | f1=0.1493
[2026-05-12 16:11:15][cifar10_blended_xai_splitshield_split2_s42][INFO] [Epoch 050][TRAIN] loss=0.6555 | train_acc=0.7773 | val_acc=0.8203 | asr=0.0188 | aas_mean=4.2768 | precision=0.0987 | recall=0.4490 | f1=0.1618
[2026-05-12 16:11:43][cifar10_blended_xai_splitshield_split2_s42][INFO] [Epoch 051][TRAIN] loss=0.5616 | train_acc=0.8188 | val_acc=0.8219 | asr=0.0276 | aas_mean=4.1855 | precision=0.0503 | recall=0.3448 | f1=0.0877
[2026-05-12 16:12:10][cifar10_blended_xai_splitshield_split2_s42][INFO] [Epoch 052][TRAIN] loss=0.5831 | train_acc=0.8089 | val_acc=0.8292 | asr=0.0151 | aas_mean=3.2961 | precision=0.1081 | recall=0.4444 | f1=0.1739
[2026-05-12 16:12:37][cifar10_blended_xai_splitshield_split2_s42][INFO] [Epoch 053][TRAIN] loss=0.6140 | train_acc=0.7941 | val_acc=0.8277 | asr=0.0246 | aas_mean=4.8554 | precision=0.1116 | recall=0.6000 | f1=0.1882
[2026-05-12 16:13:04][cifar10_blended_xai_splitshield_split2_s42][INFO] [Epoch 054][TRAIN] loss=0.5923 | train_acc=0.8043 | val_acc=0.8267 | asr=0.0253 | aas_mean=4.3080 | precision=0.1010 | recall=0.5122 | f1=0.1687
[2026-05-12 16:13:31][cifar10_blended_xai_splitshield_split2_s42][INFO] [Epoch 055][TRAIN] loss=0.6091 | train_acc=0.7939 | val_acc=0.8289 | asr=0.0233 | aas_mean=3.7730 | precision=0.1273 | recall=0.4468 | f1=0.1981
[2026-05-12 16:13:59][cifar10_blended_xai_splitshield_split2_s42][INFO] [Epoch 056][TRAIN] loss=0.5719 | train_acc=0.8109 | val_acc=0.8219 | asr=0.0251 | aas_mean=4.9287 | precision=0.1120 | recall=0.7500 | f1=0.1949
[2026-05-12 16:14:27][cifar10_blended_xai_splitshield_split2_s42][INFO] [Epoch 057][TRAIN] loss=0.5781 | train_acc=0.8101 | val_acc=0.8041 | asr=0.0719 | aas_mean=5.6111 | precision=0.0836 | recall=0.6053 | f1=0.1470
[2026-05-12 16:14:54][cifar10_blended_xai_splitshield_split2_s42][INFO] [Epoch 058][TRAIN] loss=0.5906 | train_acc=0.7876 | val_acc=0.7775 | asr=0.1487 | aas_mean=4.4486 | precision=0.1455 | recall=0.6154 | f1=0.2353
[2026-05-12 16:15:22][cifar10_blended_xai_splitshield_split2_s42][INFO] [Epoch 059][TRAIN] loss=0.5748 | train_acc=0.8083 | val_acc=0.8267 | asr=0.0303 | aas_mean=3.9219 | precision=0.1117 | recall=0.4773 | f1=0.1810
[2026-05-12 16:15:49][cifar10_blended_xai_splitshield_split2_s42][INFO] [Epoch 060][TRAIN] loss=0.5394 | train_acc=0.8222 | val_acc=0.8374 | asr=0.0250 | aas_mean=3.6470 | precision=0.1195 | recall=0.4634 | f1=0.1900
[2026-05-12 16:16:17][cifar10_blended_xai_splitshield_split2_s42][INFO] [Epoch 061][TRAIN] loss=0.5508 | train_acc=0.8211 | val_acc=0.8045 | asr=0.0830 | aas_mean=4.0455 | precision=0.0973 | recall=0.4390 | f1=0.1593
[2026-05-12 16:16:44][cifar10_blended_xai_splitshield_split2_s42][INFO] [Epoch 062][TRAIN] loss=0.5333 | train_acc=0.8255 | val_acc=0.8242 | asr=0.0288 | aas_mean=3.8326 | precision=0.1071 | recall=0.4615 | f1=0.1739
[2026-05-12 16:17:11][cifar10_blended_xai_splitshield_split2_s42][INFO] [Epoch 063][TRAIN] loss=0.5304 | train_acc=0.8253 | val_acc=0.8279 | asr=0.0342 | aas_mean=4.1281 | precision=0.0878 | recall=0.4615 | f1=0.1475
[2026-05-12 16:17:39][cifar10_blended_xai_splitshield_split2_s42][INFO] [Epoch 064][TRAIN] loss=0.5192 | train_acc=0.8301 | val_acc=0.8241 | asr=0.0416 | aas_mean=3.8993 | precision=0.1047 | recall=0.5128 | f1=0.1739
[2026-05-12 16:18:06][cifar10_blended_xai_splitshield_split2_s42][INFO] [Epoch 065][TRAIN] loss=0.5549 | train_acc=0.8124 | val_acc=0.8393 | asr=0.0164 | aas_mean=4.4704 | precision=0.1279 | recall=0.5714 | f1=0.2090
[2026-05-12 16:18:33][cifar10_blended_xai_splitshield_split2_s42][INFO] [Epoch 066][TRAIN] loss=0.4285 | train_acc=0.8671 | val_acc=0.8387 | asr=0.0283 | aas_mean=3.4985 | precision=0.0959 | recall=0.6087 | f1=0.1657
[2026-05-12 16:19:00][cifar10_blended_xai_splitshield_split2_s42][INFO] [Epoch 067][TRAIN] loss=0.4706 | train_acc=0.8475 | val_acc=0.8367 | asr=0.0160 | aas_mean=3.3127 | precision=0.0970 | recall=0.3939 | f1=0.1557
[2026-05-12 16:19:27][cifar10_blended_xai_splitshield_split2_s42][INFO] [Epoch 068][TRAIN] loss=0.4594 | train_acc=0.8551 | val_acc=0.8382 | asr=0.0147 | aas_mean=4.0342 | precision=0.0829 | recall=0.5333 | f1=0.1435
[2026-05-12 16:19:54][cifar10_blended_xai_splitshield_split2_s42][INFO] [Epoch 069][TRAIN] loss=0.5121 | train_acc=0.8302 | val_acc=0.8304 | asr=0.0463 | aas_mean=4.0586 | precision=0.1232 | recall=0.5814 | f1=0.2033
[2026-05-12 16:20:22][cifar10_blended_xai_splitshield_split2_s42][INFO] [Epoch 070][TRAIN] loss=0.5092 | train_acc=0.8302 | val_acc=0.8291 | asr=0.0363 | aas_mean=4.1942 | precision=0.1185 | recall=0.5556 | f1=0.1953
[2026-05-12 16:20:49][cifar10_blended_xai_splitshield_split2_s42][INFO] [Epoch 071][TRAIN] loss=0.4723 | train_acc=0.8479 | val_acc=0.8363 | asr=0.0194 | aas_mean=4.2291 | precision=0.1000 | recall=0.5405 | f1=0.1688
[2026-05-12 16:21:16][cifar10_blended_xai_splitshield_split2_s42][INFO] [Epoch 072][TRAIN] loss=0.4541 | train_acc=0.8549 | val_acc=0.8351 | asr=0.0259 | aas_mean=3.8535 | precision=0.0971 | recall=0.4857 | f1=0.1619
[2026-05-12 16:21:43][cifar10_blended_xai_splitshield_split2_s42][INFO] [Epoch 073][TRAIN] loss=0.4575 | train_acc=0.8528 | val_acc=0.8374 | asr=0.0238 | aas_mean=5.0193 | precision=0.1017 | recall=0.6486 | f1=0.1758
[2026-05-12 16:22:11][cifar10_blended_xai_splitshield_split2_s42][INFO] [Epoch 074][TRAIN] loss=0.4652 | train_acc=0.8502 | val_acc=0.8375 | asr=0.0370 | aas_mean=4.3813 | precision=0.0876 | recall=0.4750 | f1=0.1479
[2026-05-12 16:22:38][cifar10_blended_xai_splitshield_split2_s42][INFO] [Epoch 075][TRAIN] loss=0.4567 | train_acc=0.8539 | val_acc=0.8332 | asr=0.0389 | aas_mean=3.7995 | precision=0.0899 | recall=0.4474 | f1=0.1498
[2026-05-12 16:23:05][cifar10_blended_xai_splitshield_split2_s42][INFO] [Epoch 076][TRAIN] loss=0.4209 | train_acc=0.8671 | val_acc=0.8386 | asr=0.0246 | aas_mean=4.6888 | precision=0.0690 | recall=0.4848 | f1=0.1208
[2026-05-12 16:23:32][cifar10_blended_xai_splitshield_split2_s42][INFO] [Epoch 077][TRAIN] loss=0.4624 | train_acc=0.8500 | val_acc=0.8397 | asr=0.0274 | aas_mean=4.0220 | precision=0.1383 | recall=0.6047 | f1=0.2251
[2026-05-12 16:23:59][cifar10_blended_xai_splitshield_split2_s42][INFO] [Epoch 078][TRAIN] loss=0.4187 | train_acc=0.8676 | val_acc=0.8334 | asr=0.0493 | aas_mean=3.7248 | precision=0.1033 | recall=0.5429 | f1=0.1735
[2026-05-12 16:24:26][cifar10_blended_xai_splitshield_split2_s42][INFO] [Epoch 079][TRAIN] loss=0.4398 | train_acc=0.8575 | val_acc=0.8421 | asr=0.0271 | aas_mean=3.6496 | precision=0.0848 | recall=0.3415 | f1=0.1359
[2026-05-12 16:24:53][cifar10_blended_xai_splitshield_split2_s42][INFO] [Epoch 080][TRAIN] loss=0.4096 | train_acc=0.8692 | val_acc=0.8279 | asr=0.0456 | aas_mean=3.7903 | precision=0.1017 | recall=0.5143 | f1=0.1698
[2026-05-12 16:25:20][cifar10_blended_xai_splitshield_split2_s42][INFO] [Epoch 081][TRAIN] loss=0.4318 | train_acc=0.8587 | val_acc=0.8383 | asr=0.0153 | aas_mean=4.0283 | precision=0.1196 | recall=0.5366 | f1=0.1956
[2026-05-12 16:25:48][cifar10_blended_xai_splitshield_split2_s42][INFO] [Epoch 082][TRAIN] loss=0.4156 | train_acc=0.8690 | val_acc=0.8254 | asr=0.0571 | aas_mean=4.2072 | precision=0.0744 | recall=0.4211 | f1=0.1265
[2026-05-12 16:26:15][cifar10_blended_xai_splitshield_split2_s42][INFO] [Epoch 083][TRAIN] loss=0.4389 | train_acc=0.8555 | val_acc=0.8373 | asr=0.0424 | aas_mean=4.2944 | precision=0.1202 | recall=0.5556 | f1=0.1976
[2026-05-12 16:26:42][cifar10_blended_xai_splitshield_split2_s42][INFO] [Epoch 084][TRAIN] loss=0.4181 | train_acc=0.8661 | val_acc=0.8302 | asr=0.0616 | aas_mean=3.6632 | precision=0.1047 | recall=0.4500 | f1=0.1698
[2026-05-12 16:27:09][cifar10_blended_xai_splitshield_split2_s42][INFO] [Epoch 085][TRAIN] loss=0.3798 | train_acc=0.8818 | val_acc=0.8422 | asr=0.0250 | aas_mean=4.0066 | precision=0.0847 | recall=0.4706 | f1=0.1435
[2026-05-12 16:27:36][cifar10_blended_xai_splitshield_split2_s42][INFO] [Epoch 086][TRAIN] loss=0.4028 | train_acc=0.8716 | val_acc=0.8399 | asr=0.0287 | aas_mean=3.9670 | precision=0.1027 | recall=0.4750 | f1=0.1689
[2026-05-12 16:28:03][cifar10_blended_xai_splitshield_split2_s42][INFO] [Epoch 087][TRAIN] loss=0.3797 | train_acc=0.8808 | val_acc=0.8350 | asr=0.0369 | aas_mean=3.6458 | precision=0.0930 | recall=0.4571 | f1=0.1546
[2026-05-12 16:28:30][cifar10_blended_xai_splitshield_split2_s42][INFO] [Epoch 088][TRAIN] loss=0.4011 | train_acc=0.8709 | val_acc=0.8389 | asr=0.0428 | aas_mean=4.0106 | precision=0.0895 | recall=0.4146 | f1=0.1472
[2026-05-12 16:28:58][cifar10_blended_xai_splitshield_split2_s42][INFO] [Epoch 089][TRAIN] loss=0.3827 | train_acc=0.8787 | val_acc=0.8388 | asr=0.0309 | aas_mean=3.8760 | precision=0.1381 | recall=0.6579 | f1=0.2283
[2026-05-12 16:29:24][cifar10_blended_xai_splitshield_split2_s42][INFO] [Epoch 090][TRAIN] loss=0.4023 | train_acc=0.8692 | val_acc=0.8344 | asr=0.0377 | aas_mean=3.5887 | precision=0.1159 | recall=0.4524 | f1=0.1845
[2026-05-12 16:29:52][cifar10_blended_xai_splitshield_split2_s42][INFO] [Epoch 091][TRAIN] loss=0.3999 | train_acc=0.8694 | val_acc=0.8344 | asr=0.0469 | aas_mean=3.9902 | precision=0.1117 | recall=0.5349 | f1=0.1847
[2026-05-12 16:30:19][cifar10_blended_xai_splitshield_split2_s42][INFO] [Epoch 092][TRAIN] loss=0.2973 | train_acc=0.9156 | val_acc=0.8420 | asr=0.0288 | aas_mean=4.0810 | precision=0.0474 | recall=0.4091 | f1=0.0849
[2026-05-12 16:30:46][cifar10_blended_xai_splitshield_split2_s42][INFO] [Epoch 093][TRAIN] loss=0.3406 | train_acc=0.8963 | val_acc=0.8288 | asr=0.0516 | aas_mean=3.8011 | precision=0.0556 | recall=0.3226 | f1=0.0948
[2026-05-12 16:31:13][cifar10_blended_xai_splitshield_split2_s42][INFO] [Epoch 094][TRAIN] loss=0.3300 | train_acc=0.9008 | val_acc=0.8332 | asr=0.0414 | aas_mean=3.7654 | precision=0.0655 | recall=0.3793 | f1=0.1117
[2026-05-12 16:31:40][cifar10_blended_xai_splitshield_split2_s42][INFO] [Epoch 095][TRAIN] loss=0.3498 | train_acc=0.8916 | val_acc=0.8418 | asr=0.0342 | aas_mean=3.8488 | precision=0.0936 | recall=0.4848 | f1=0.1569
[2026-05-12 16:32:07][cifar10_blended_xai_splitshield_split2_s42][INFO] [Epoch 096][TRAIN] loss=0.3697 | train_acc=0.8836 | val_acc=0.8419 | asr=0.0282 | aas_mean=3.9047 | precision=0.0710 | recall=0.3514 | f1=0.1182
[2026-05-12 16:32:34][cifar10_blended_xai_splitshield_split2_s42][INFO] [Epoch 097][TRAIN] loss=0.3944 | train_acc=0.8718 | val_acc=0.8351 | asr=0.0563 | aas_mean=4.0327 | precision=0.1585 | recall=0.6744 | f1=0.2566
[2026-05-12 16:33:01][cifar10_blended_xai_splitshield_split2_s42][INFO] [Epoch 098][TRAIN] loss=0.3840 | train_acc=0.8756 | val_acc=0.8403 | asr=0.0324 | aas_mean=3.9555 | precision=0.1160 | recall=0.5122 | f1=0.1892
[2026-05-12 16:33:28][cifar10_blended_xai_splitshield_split2_s42][INFO] [Epoch 099][TRAIN] loss=0.3258 | train_acc=0.9028 | val_acc=0.8319 | asr=0.0532 | aas_mean=3.8743 | precision=0.0667 | recall=0.4138 | f1=0.1148
[2026-05-12 16:33:55][cifar10_blended_xai_splitshield_split2_s42][INFO] [Epoch 100][TRAIN] loss=0.4475 | train_acc=0.8489 | val_acc=0.8458 | asr=0.0303 | aas_mean=4.0550 | precision=0.1168 | recall=0.4340 | f1=0.1840
[2026-05-12 16:34:03][cifar10_blended_xai_splitshield_split2_s42][INFO] Final summary saved to results/cifar10_blended_xai_splitshield_split2_s42/summary.json
[2026-05-12 16:34:03][cifar10_blended_xai_splitshield_split2_s42][INFO] Results: {'run_name': 'cifar10_blended_xai_splitshield_split2_s42', 'final_ca': 84.53, 'final_asr': 3.01, 'config': {'dataset': 'cifar10', 'attack': 'blended', 'defense': 'xai_splitshield', 'split_layer': 2, 'poison_rate': 0.1, 'epochs': 100, 'batch_size': 128, 'lr': 0.01, 'seed': 42, 'num_clients': 1, 'num_malicious': 0, 'target_class': 0, 'log_dir': './results', 'warmup_epochs': 5, 'image_size': 32, 'num_workers': 4, 'weight_decay': 0.0005, 'adaptive': False, 'ablation': False}}
[2026-05-12 16:34:03][cifar10_blended_xai_splitshield_split2_s42][INFO] 
==================================================
[2026-05-12 16:34:03][cifar10_blended_xai_splitshield_split2_s42][INFO] FINAL  CA = 84.53%   ASR = 3.01%
[2026-05-12 16:34:03][cifar10_blended_xai_splitshield_split2_s42][INFO] ==================================================

[2026-05-12 16:34:04][cifar10_blended_xai_splitshield_split2_s42][INFO] Models saved to results/cifar10_blended_xai_splitshield_split2_s42/checkpoints
