[2026-05-16 10:04:02][cifar10_wanet_xai_splitshield_split2_s42][INFO] TensorBoard writer initialized.
[2026-05-16 10:04:02][cifar10_wanet_xai_splitshield_split2_s42][INFO] Running: cifar10_wanet_xai_splitshield_split2_s42
[2026-05-16 10:04:02][cifar10_wanet_xai_splitshield_split2_s42][INFO] Device: cuda
[2026-05-16 10:04:03][cifar10_wanet_xai_splitshield_split2_s42][INFO] Smashed data shape: torch.Size([128, 4, 4])  (d=2048)
[2026-05-16 10:04:03][cifar10_wanet_xai_splitshield_split2_s42][INFO] [Epoch 1] WARM-UP PHASE
[2026-05-16 10:04:14][cifar10_wanet_xai_splitshield_split2_s42][INFO] [Epoch 001][TRAIN] loss=1.9795 | train_acc=0.3367 | val_acc=0.4671 | asr=0.0000 | aas_mean=0.0000 | precision=0.0000 | recall=0.0000 | f1=0.0000
[2026-05-16 10:04:14][cifar10_wanet_xai_splitshield_split2_s42][INFO] [Epoch 2] WARM-UP PHASE
[2026-05-16 10:04:24][cifar10_wanet_xai_splitshield_split2_s42][INFO] [Epoch 002][TRAIN] loss=1.3152 | train_acc=0.5319 | val_acc=0.5637 | asr=0.0000 | aas_mean=0.0000 | precision=0.0000 | recall=0.0000 | f1=0.0000
[2026-05-16 10:04:24][cifar10_wanet_xai_splitshield_split2_s42][INFO] [Epoch 3] WARM-UP PHASE
[2026-05-16 10:04:35][cifar10_wanet_xai_splitshield_split2_s42][INFO] [Epoch 003][TRAIN] loss=1.1302 | train_acc=0.5985 | val_acc=0.6015 | asr=0.0000 | aas_mean=0.0000 | precision=0.0000 | recall=0.0000 | f1=0.0000
[2026-05-16 10:04:35][cifar10_wanet_xai_splitshield_split2_s42][INFO] [Epoch 4] WARM-UP PHASE
[2026-05-16 10:04:45][cifar10_wanet_xai_splitshield_split2_s42][INFO] [Epoch 004][TRAIN] loss=1.0109 | train_acc=0.6463 | val_acc=0.6443 | asr=0.0000 | aas_mean=0.0000 | precision=0.0000 | recall=0.0000 | f1=0.0000
[2026-05-16 10:04:45][cifar10_wanet_xai_splitshield_split2_s42][INFO] [Epoch 5] WARM-UP PHASE
[2026-05-16 10:04:56][cifar10_wanet_xai_splitshield_split2_s42][INFO] [Epoch 005][TRAIN] loss=0.9498 | train_acc=0.6670 | val_acc=0.6711 | asr=0.0000 | aas_mean=0.0000 | precision=0.0000 | recall=0.0000 | f1=0.0000
[2026-05-16 10:04:56][cifar10_wanet_xai_splitshield_split2_s42][INFO] Defense calibrated. Threshold τ = 3.1495
[2026-05-16 10:05:24][cifar10_wanet_xai_splitshield_split2_s42][INFO] [Epoch 006][TRAIN] loss=1.0324 | train_acc=0.6304 | val_acc=0.6028 | asr=0.0040 | aas_mean=4.5083 | precision=0.0976 | recall=0.4878 | f1=0.1626
[2026-05-16 10:05:51][cifar10_wanet_xai_splitshield_split2_s42][INFO] [Epoch 007][TRAIN] loss=0.8522 | train_acc=0.7006 | val_acc=0.6544 | asr=0.0351 | aas_mean=3.1265 | precision=0.3304 | recall=1.0000 | f1=0.4967
[2026-05-16 10:06:19][cifar10_wanet_xai_splitshield_split2_s42][INFO] [Epoch 008][TRAIN] loss=0.8173 | train_acc=0.7123 | val_acc=0.6713 | asr=0.0530 | aas_mean=3.2203 | precision=0.3167 | recall=0.9500 | f1=0.4750
[2026-05-16 10:06:46][cifar10_wanet_xai_splitshield_split2_s42][INFO] [Epoch 009][TRAIN] loss=0.7704 | train_acc=0.7306 | val_acc=0.1003 | asr=1.0000 | aas_mean=3.2874 | precision=0.2698 | recall=0.8718 | f1=0.4121
[2026-05-16 10:07:14][cifar10_wanet_xai_splitshield_split2_s42][INFO] [Epoch 010][TRAIN] loss=0.7587 | train_acc=0.7329 | val_acc=0.6921 | asr=0.0080 | aas_mean=3.7758 | precision=0.1562 | recall=0.8929 | f1=0.2660
[2026-05-16 10:07:41][cifar10_wanet_xai_splitshield_split2_s42][INFO] [Epoch 011][TRAIN] loss=0.7295 | train_acc=0.7420 | val_acc=0.7040 | asr=0.0051 | aas_mean=3.9665 | precision=0.1795 | recall=0.7568 | f1=0.2902
[2026-05-16 10:08:09][cifar10_wanet_xai_splitshield_split2_s42][INFO] [Epoch 012][TRAIN] loss=0.6813 | train_acc=0.7622 | val_acc=0.6656 | asr=0.0008 | aas_mean=3.7372 | precision=0.2367 | recall=0.8889 | f1=0.3738
[2026-05-16 10:08:36][cifar10_wanet_xai_splitshield_split2_s42][INFO] [Epoch 013][TRAIN] loss=0.6712 | train_acc=0.7663 | val_acc=0.7426 | asr=0.0916 | aas_mean=3.3618 | precision=0.2258 | recall=0.8235 | f1=0.3544
[2026-05-16 10:09:04][cifar10_wanet_xai_splitshield_split2_s42][INFO] [Epoch 014][TRAIN] loss=0.6279 | train_acc=0.7801 | val_acc=0.7377 | asr=0.0061 | aas_mean=3.8281 | precision=0.1975 | recall=0.8649 | f1=0.3216
[2026-05-16 10:09:31][cifar10_wanet_xai_splitshield_split2_s42][INFO] [Epoch 015][TRAIN] loss=0.5976 | train_acc=0.7901 | val_acc=0.7340 | asr=0.0109 | aas_mean=3.5423 | precision=0.3083 | recall=0.9535 | f1=0.4659
[2026-05-16 10:09:59][cifar10_wanet_xai_splitshield_split2_s42][INFO] [Epoch 016][TRAIN] loss=0.5804 | train_acc=0.7962 | val_acc=0.7321 | asr=0.0019 | aas_mean=3.4906 | precision=0.3212 | recall=0.9565 | f1=0.4809
[2026-05-16 10:10:26][cifar10_wanet_xai_splitshield_split2_s42][INFO] [Epoch 017][TRAIN] loss=0.5926 | train_acc=0.7918 | val_acc=0.7254 | asr=0.0267 | aas_mean=3.2901 | precision=0.2197 | recall=0.9355 | f1=0.3558
[2026-05-16 10:10:54][cifar10_wanet_xai_splitshield_split2_s42][INFO] [Epoch 018][TRAIN] loss=0.5914 | train_acc=0.7920 | val_acc=0.7452 | asr=0.0158 | aas_mean=4.0407 | precision=0.2167 | recall=0.9750 | f1=0.3545
[2026-05-16 10:11:22][cifar10_wanet_xai_splitshield_split2_s42][INFO] [Epoch 019][TRAIN] loss=0.5463 | train_acc=0.8088 | val_acc=0.7670 | asr=0.0252 | aas_mean=3.1927 | precision=0.2960 | recall=0.8409 | f1=0.4379
[2026-05-16 10:11:49][cifar10_wanet_xai_splitshield_split2_s42][INFO] [Epoch 020][TRAIN] loss=0.5416 | train_acc=0.8119 | val_acc=0.7285 | asr=0.0547 | aas_mean=3.0463 | precision=0.2113 | recall=0.7500 | f1=0.3297
[2026-05-16 10:12:16][cifar10_wanet_xai_splitshield_split2_s42][INFO] [Epoch 021][TRAIN] loss=0.5226 | train_acc=0.8172 | val_acc=0.7493 | asr=0.0276 | aas_mean=2.7834 | precision=0.3295 | recall=0.8788 | f1=0.4793
[2026-05-16 10:12:44][cifar10_wanet_xai_splitshield_split2_s42][INFO] [Epoch 022][TRAIN] loss=0.5257 | train_acc=0.8179 | val_acc=0.1000 | asr=1.0000 | aas_mean=3.0189 | precision=0.2895 | recall=0.9429 | f1=0.4430
[2026-05-16 10:13:11][cifar10_wanet_xai_splitshield_split2_s42][INFO] [Epoch 023][TRAIN] loss=0.4893 | train_acc=0.8290 | val_acc=0.1000 | asr=1.0000 | aas_mean=3.2244 | precision=0.3259 | recall=0.9778 | f1=0.4889
[2026-05-16 10:13:39][cifar10_wanet_xai_splitshield_split2_s42][INFO] [Epoch 024][TRAIN] loss=0.4882 | train_acc=0.8304 | val_acc=0.7653 | asr=0.0387 | aas_mean=3.1383 | precision=0.3016 | recall=1.0000 | f1=0.4634
[2026-05-16 10:14:06][cifar10_wanet_xai_splitshield_split2_s42][INFO] [Epoch 025][TRAIN] loss=0.4875 | train_acc=0.8286 | val_acc=0.7829 | asr=0.1134 | aas_mean=3.3529 | precision=0.2963 | recall=0.9756 | f1=0.4545
[2026-05-16 10:14:33][cifar10_wanet_xai_splitshield_split2_s42][INFO] [Epoch 026][TRAIN] loss=0.4628 | train_acc=0.8373 | val_acc=0.7625 | asr=0.0026 | aas_mean=3.2201 | precision=0.3672 | recall=0.9792 | f1=0.5341
[2026-05-16 10:15:01][cifar10_wanet_xai_splitshield_split2_s42][INFO] [Epoch 027][TRAIN] loss=0.4693 | train_acc=0.8369 | val_acc=0.7908 | asr=0.0166 | aas_mean=3.0058 | precision=0.3148 | recall=0.9444 | f1=0.4722
[2026-05-16 10:15:28][cifar10_wanet_xai_splitshield_split2_s42][INFO] [Epoch 028][TRAIN] loss=0.4430 | train_acc=0.8458 | val_acc=0.7792 | asr=0.0811 | aas_mean=2.9992 | precision=0.3043 | recall=0.8974 | f1=0.4545
[2026-05-16 10:15:55][cifar10_wanet_xai_splitshield_split2_s42][INFO] [Epoch 029][TRAIN] loss=0.4426 | train_acc=0.8445 | val_acc=0.7804 | asr=0.0023 | aas_mean=2.8563 | precision=0.3021 | recall=0.9355 | f1=0.4567
[2026-05-16 10:16:22][cifar10_wanet_xai_splitshield_split2_s42][INFO] [Epoch 030][TRAIN] loss=0.4352 | train_acc=0.8473 | val_acc=0.7618 | asr=0.0218 | aas_mean=2.6944 | precision=0.3373 | recall=0.9032 | f1=0.4912
[2026-05-16 10:16:49][cifar10_wanet_xai_splitshield_split2_s42][INFO] [Epoch 031][TRAIN] loss=0.4351 | train_acc=0.8477 | val_acc=0.7727 | asr=0.0439 | aas_mean=2.5926 | precision=0.2526 | recall=0.8889 | f1=0.3934
[2026-05-16 10:17:17][cifar10_wanet_xai_splitshield_split2_s42][INFO] [Epoch 032][TRAIN] loss=0.4430 | train_acc=0.8449 | val_acc=0.7800 | asr=0.1143 | aas_mean=3.7530 | precision=0.0498 | recall=0.3448 | f1=0.0870
[2026-05-16 10:17:44][cifar10_wanet_xai_splitshield_split2_s42][INFO] [Epoch 033][TRAIN] loss=0.3968 | train_acc=0.8604 | val_acc=0.8019 | asr=0.0504 | aas_mean=2.9804 | precision=0.3981 | recall=0.9773 | f1=0.5658
[2026-05-16 10:18:12][cifar10_wanet_xai_splitshield_split2_s42][INFO] [Epoch 034][TRAIN] loss=0.3810 | train_acc=0.8685 | val_acc=0.1000 | asr=1.0000 | aas_mean=3.1991 | precision=0.3548 | recall=0.9565 | f1=0.5176
[2026-05-16 10:18:39][cifar10_wanet_xai_splitshield_split2_s42][INFO] [Epoch 035][TRAIN] loss=0.3916 | train_acc=0.8622 | val_acc=0.7933 | asr=0.0574 | aas_mean=2.6909 | precision=0.3673 | recall=1.0000 | f1=0.5373
[2026-05-16 10:19:06][cifar10_wanet_xai_splitshield_split2_s42][INFO] [Epoch 036][TRAIN] loss=0.3836 | train_acc=0.8643 | val_acc=0.8004 | asr=0.0238 | aas_mean=2.8989 | precision=0.2847 | recall=0.9286 | f1=0.4358
[2026-05-16 10:19:33][cifar10_wanet_xai_splitshield_split2_s42][INFO] [Epoch 037][TRAIN] loss=0.3783 | train_acc=0.8684 | val_acc=0.8101 | asr=0.0257 | aas_mean=2.9777 | precision=0.1892 | recall=0.8000 | f1=0.3060
[2026-05-16 10:20:00][cifar10_wanet_xai_splitshield_split2_s42][INFO] [Epoch 038][TRAIN] loss=0.3530 | train_acc=0.8775 | val_acc=0.8122 | asr=0.0447 | aas_mean=3.2038 | precision=0.1688 | recall=0.5200 | f1=0.2549
[2026-05-16 10:20:27][cifar10_wanet_xai_splitshield_split2_s42][INFO] [Epoch 039][TRAIN] loss=0.3515 | train_acc=0.8767 | val_acc=0.8066 | asr=0.0249 | aas_mean=3.2065 | precision=0.1049 | recall=0.4359 | f1=0.1692
[2026-05-16 10:20:54][cifar10_wanet_xai_splitshield_split2_s42][INFO] [Epoch 040][TRAIN] loss=0.3502 | train_acc=0.8755 | val_acc=0.8159 | asr=0.0244 | aas_mean=2.9457 | precision=0.1719 | recall=0.7097 | f1=0.2767
[2026-05-16 10:21:21][cifar10_wanet_xai_splitshield_split2_s42][INFO] [Epoch 041][TRAIN] loss=0.3353 | train_acc=0.8817 | val_acc=0.7949 | asr=0.0189 | aas_mean=3.1713 | precision=0.2681 | recall=0.8605 | f1=0.4088
[2026-05-16 10:21:48][cifar10_wanet_xai_splitshield_split2_s42][INFO] [Epoch 042][TRAIN] loss=0.3401 | train_acc=0.8814 | val_acc=0.8140 | asr=0.0436 | aas_mean=3.2553 | precision=0.1579 | recall=0.5455 | f1=0.2449
[2026-05-16 10:22:15][cifar10_wanet_xai_splitshield_split2_s42][INFO] [Epoch 043][TRAIN] loss=0.3263 | train_acc=0.8840 | val_acc=0.8080 | asr=0.0078 | aas_mean=3.4616 | precision=0.1030 | recall=0.3953 | f1=0.1635
[2026-05-16 10:22:42][cifar10_wanet_xai_splitshield_split2_s42][INFO] [Epoch 044][TRAIN] loss=0.3225 | train_acc=0.8849 | val_acc=0.8100 | asr=0.0360 | aas_mean=3.8133 | precision=0.1061 | recall=0.3750 | f1=0.1654
[2026-05-16 10:23:09][cifar10_wanet_xai_splitshield_split2_s42][INFO] [Epoch 045][TRAIN] loss=0.3349 | train_acc=0.8825 | val_acc=0.8008 | asr=0.1049 | aas_mean=2.9380 | precision=0.0821 | recall=0.3333 | f1=0.1317
[2026-05-16 10:23:36][cifar10_wanet_xai_splitshield_split2_s42][INFO] [Epoch 046][TRAIN] loss=0.3211 | train_acc=0.8871 | val_acc=0.8197 | asr=0.1114 | aas_mean=3.1085 | precision=0.2044 | recall=0.8000 | f1=0.3256
[2026-05-16 10:24:03][cifar10_wanet_xai_splitshield_split2_s42][INFO] [Epoch 047][TRAIN] loss=0.3105 | train_acc=0.8909 | val_acc=0.8028 | asr=0.0403 | aas_mean=3.0807 | precision=0.1500 | recall=0.4884 | f1=0.2295
[2026-05-16 10:24:30][cifar10_wanet_xai_splitshield_split2_s42][INFO] [Epoch 048][TRAIN] loss=0.3175 | train_acc=0.8895 | val_acc=0.1000 | asr=1.0000 | aas_mean=3.2214 | precision=0.1806 | recall=0.7879 | f1=0.2938
[2026-05-16 10:24:57][cifar10_wanet_xai_splitshield_split2_s42][INFO] [Epoch 049][TRAIN] loss=0.2999 | train_acc=0.8929 | val_acc=0.8134 | asr=0.0223 | aas_mean=2.6707 | precision=0.3056 | recall=0.9429 | f1=0.4615
[2026-05-16 10:25:24][cifar10_wanet_xai_splitshield_split2_s42][INFO] [Epoch 050][TRAIN] loss=0.2835 | train_acc=0.9003 | val_acc=0.8165 | asr=0.1022 | aas_mean=3.0322 | precision=0.1667 | recall=0.4694 | f1=0.2460
[2026-05-16 10:25:51][cifar10_wanet_xai_splitshield_split2_s42][INFO] [Epoch 051][TRAIN] loss=0.2852 | train_acc=0.8988 | val_acc=0.8220 | asr=0.0202 | aas_mean=2.6700 | precision=0.2037 | recall=0.7586 | f1=0.3212
[2026-05-16 10:26:18][cifar10_wanet_xai_splitshield_split2_s42][INFO] [Epoch 052][TRAIN] loss=0.2839 | train_acc=0.8995 | val_acc=0.8326 | asr=0.0169 | aas_mean=2.9056 | precision=0.2080 | recall=0.7222 | f1=0.3230
[2026-05-16 10:26:45][cifar10_wanet_xai_splitshield_split2_s42][INFO] [Epoch 053][TRAIN] loss=0.2605 | train_acc=0.9086 | val_acc=0.8053 | asr=0.0479 | aas_mean=2.7132 | precision=0.3333 | recall=0.8222 | f1=0.4744
[2026-05-16 10:27:12][cifar10_wanet_xai_splitshield_split2_s42][INFO] [Epoch 054][TRAIN] loss=0.2624 | train_acc=0.9077 | val_acc=0.8088 | asr=0.0269 | aas_mean=2.5968 | precision=0.2524 | recall=0.6341 | f1=0.3611
[2026-05-16 10:27:38][cifar10_wanet_xai_splitshield_split2_s42][INFO] [Epoch 055][TRAIN] loss=0.2632 | train_acc=0.9068 | val_acc=0.8253 | asr=0.1192 | aas_mean=2.9635 | precision=0.2214 | recall=0.6170 | f1=0.3258
[2026-05-16 10:28:05][cifar10_wanet_xai_splitshield_split2_s42][INFO] [Epoch 056][TRAIN] loss=0.2539 | train_acc=0.9092 | val_acc=0.8265 | asr=0.0189 | aas_mean=2.4413 | precision=0.2174 | recall=0.5556 | f1=0.3125
[2026-05-16 10:28:32][cifar10_wanet_xai_splitshield_split2_s42][INFO] [Epoch 057][TRAIN] loss=0.2549 | train_acc=0.9097 | val_acc=0.8064 | asr=0.0473 | aas_mean=2.4022 | precision=0.3333 | recall=0.7895 | f1=0.4688
[2026-05-16 10:28:58][cifar10_wanet_xai_splitshield_split2_s42][INFO] [Epoch 058][TRAIN] loss=0.2355 | train_acc=0.9177 | val_acc=0.8203 | asr=0.1020 | aas_mean=2.6356 | precision=0.2353 | recall=0.4615 | f1=0.3117
[2026-05-16 10:29:25][cifar10_wanet_xai_splitshield_split2_s42][INFO] [Epoch 059][TRAIN] loss=0.2267 | train_acc=0.9186 | val_acc=0.8401 | asr=0.0183 | aas_mean=2.4388 | precision=0.1765 | recall=0.3409 | f1=0.2326
[2026-05-16 10:29:51][cifar10_wanet_xai_splitshield_split2_s42][INFO] [Epoch 060][TRAIN] loss=0.2244 | train_acc=0.9208 | val_acc=0.8291 | asr=0.0891 | aas_mean=2.4088 | precision=0.2727 | recall=0.6585 | f1=0.3857
[2026-05-16 10:30:18][cifar10_wanet_xai_splitshield_split2_s42][INFO] [Epoch 061][TRAIN] loss=0.2178 | train_acc=0.9240 | val_acc=0.1000 | asr=1.0000 | aas_mean=2.5428 | precision=0.2727 | recall=0.7317 | f1=0.3974
[2026-05-16 10:30:45][cifar10_wanet_xai_splitshield_split2_s42][INFO] [Epoch 062][TRAIN] loss=0.2096 | train_acc=0.9258 | val_acc=0.1000 | asr=1.0000 | aas_mean=2.8773 | precision=0.1032 | recall=0.3333 | f1=0.1576
[2026-05-16 10:31:12][cifar10_wanet_xai_splitshield_split2_s42][INFO] [Epoch 063][TRAIN] loss=0.2018 | train_acc=0.9278 | val_acc=0.8236 | asr=0.0380 | aas_mean=3.0084 | precision=0.0667 | recall=0.2308 | f1=0.1034
[2026-05-16 10:31:39][cifar10_wanet_xai_splitshield_split2_s42][INFO] [Epoch 064][TRAIN] loss=0.1932 | train_acc=0.9305 | val_acc=0.8362 | asr=0.0400 | aas_mean=2.4425 | precision=0.3579 | recall=0.8718 | f1=0.5075
[2026-05-16 10:32:05][cifar10_wanet_xai_splitshield_split2_s42][INFO] [Epoch 065][TRAIN] loss=0.1881 | train_acc=0.9334 | val_acc=0.8355 | asr=0.0261 | aas_mean=2.5556 | precision=0.2917 | recall=0.5714 | f1=0.3862
[2026-05-16 10:32:32][cifar10_wanet_xai_splitshield_split2_s42][INFO] [Epoch 066][TRAIN] loss=0.1940 | train_acc=0.9310 | val_acc=0.8361 | asr=0.0374 | aas_mean=2.5517 | precision=0.2136 | recall=0.9565 | f1=0.3492
[2026-05-16 10:32:58][cifar10_wanet_xai_splitshield_split2_s42][INFO] [Epoch 067][TRAIN] loss=0.1718 | train_acc=0.9389 | val_acc=0.8388 | asr=0.0359 | aas_mean=2.5826 | precision=0.1979 | recall=0.5758 | f1=0.2946
[2026-05-16 10:33:25][cifar10_wanet_xai_splitshield_split2_s42][INFO] [Epoch 068][TRAIN] loss=0.1779 | train_acc=0.9377 | val_acc=0.1000 | asr=1.0000 | aas_mean=2.3298 | precision=0.2747 | recall=0.8333 | f1=0.4132
[2026-05-16 10:33:52][cifar10_wanet_xai_splitshield_split2_s42][INFO] [Epoch 069][TRAIN] loss=0.1644 | train_acc=0.9421 | val_acc=0.8279 | asr=0.0369 | aas_mean=2.5696 | precision=0.1714 | recall=0.4186 | f1=0.2432
[2026-05-16 10:34:18][cifar10_wanet_xai_splitshield_split2_s42][INFO] [Epoch 070][TRAIN] loss=0.1541 | train_acc=0.9456 | val_acc=0.8322 | asr=0.0351 | aas_mean=2.2732 | precision=0.4096 | recall=0.7556 | f1=0.5312
[2026-05-16 10:34:45][cifar10_wanet_xai_splitshield_split2_s42][INFO] [Epoch 071][TRAIN] loss=0.1545 | train_acc=0.9453 | val_acc=0.8333 | asr=0.0524 | aas_mean=2.4319 | precision=0.2268 | recall=0.5946 | f1=0.3284
[2026-05-16 10:35:11][cifar10_wanet_xai_splitshield_split2_s42][INFO] [Epoch 072][TRAIN] loss=0.1514 | train_acc=0.9468 | val_acc=0.8441 | asr=0.1228 | aas_mean=2.4869 | precision=0.3548 | recall=0.9429 | f1=0.5156
[2026-05-16 10:35:38][cifar10_wanet_xai_splitshield_split2_s42][INFO] [Epoch 073][TRAIN] loss=0.1433 | train_acc=0.9483 | val_acc=0.8389 | asr=0.1143 | aas_mean=2.4448 | precision=0.3146 | recall=0.7568 | f1=0.4444
[2026-05-16 10:36:04][cifar10_wanet_xai_splitshield_split2_s42][INFO] [Epoch 074][TRAIN] loss=0.1363 | train_acc=0.9525 | val_acc=0.8386 | asr=0.0339 | aas_mean=2.3675 | precision=0.3378 | recall=0.6250 | f1=0.4386
[2026-05-16 10:36:31][cifar10_wanet_xai_splitshield_split2_s42][INFO] [Epoch 075][TRAIN] loss=0.1350 | train_acc=0.9517 | val_acc=0.8385 | asr=0.0342 | aas_mean=2.4390 | precision=0.3548 | recall=0.8684 | f1=0.5038
[2026-05-16 10:36:57][cifar10_wanet_xai_splitshield_split2_s42][INFO] [Epoch 076][TRAIN] loss=0.1287 | train_acc=0.9543 | val_acc=0.8417 | asr=0.0732 | aas_mean=2.2273 | precision=0.3971 | recall=0.8182 | f1=0.5347
[2026-05-16 10:37:24][cifar10_wanet_xai_splitshield_split2_s42][INFO] [Epoch 077][TRAIN] loss=0.1178 | train_acc=0.9579 | val_acc=0.8342 | asr=0.1268 | aas_mean=2.2911 | precision=0.3291 | recall=0.6047 | f1=0.4262
[2026-05-16 10:37:50][cifar10_wanet_xai_splitshield_split2_s42][INFO] [Epoch 078][TRAIN] loss=0.1153 | train_acc=0.9590 | val_acc=0.8431 | asr=0.0423 | aas_mean=2.3452 | precision=0.2360 | recall=0.6000 | f1=0.3387
[2026-05-16 10:38:16][cifar10_wanet_xai_splitshield_split2_s42][INFO] [Epoch 079][TRAIN] loss=0.1049 | train_acc=0.9619 | val_acc=0.8400 | asr=0.0361 | aas_mean=2.3395 | precision=0.4000 | recall=0.7805 | f1=0.5289
[2026-05-16 10:38:43][cifar10_wanet_xai_splitshield_split2_s42][INFO] [Epoch 080][TRAIN] loss=0.1005 | train_acc=0.9644 | val_acc=0.8410 | asr=0.0260 | aas_mean=2.2963 | precision=0.3857 | recall=0.7714 | f1=0.5143
[2026-05-16 10:39:09][cifar10_wanet_xai_splitshield_split2_s42][INFO] [Epoch 081][TRAIN] loss=0.0950 | train_acc=0.9677 | val_acc=0.8413 | asr=0.0702 | aas_mean=2.3475 | precision=0.3000 | recall=0.6585 | f1=0.4122
[2026-05-16 10:39:36][cifar10_wanet_xai_splitshield_split2_s42][INFO] [Epoch 082][TRAIN] loss=0.0910 | train_acc=0.9681 | val_acc=0.8416 | asr=0.0531 | aas_mean=2.3061 | precision=0.3919 | recall=0.7632 | f1=0.5179
[2026-05-16 10:40:02][cifar10_wanet_xai_splitshield_split2_s42][INFO] [Epoch 083][TRAIN] loss=0.0860 | train_acc=0.9696 | val_acc=0.8370 | asr=0.0549 | aas_mean=2.3119 | precision=0.3378 | recall=0.5556 | f1=0.4202
[2026-05-16 10:40:29][cifar10_wanet_xai_splitshield_split2_s42][INFO] [Epoch 084][TRAIN] loss=0.0855 | train_acc=0.9707 | val_acc=0.8368 | asr=0.0921 | aas_mean=2.1936 | precision=0.3797 | recall=0.7500 | f1=0.5042
[2026-05-16 10:40:55][cifar10_wanet_xai_splitshield_split2_s42][INFO] [Epoch 085][TRAIN] loss=0.0833 | train_acc=0.9704 | val_acc=0.1000 | asr=1.0000 | aas_mean=2.2265 | precision=0.3026 | recall=0.6765 | f1=0.4182
[2026-05-16 10:41:22][cifar10_wanet_xai_splitshield_split2_s42][INFO] [Epoch 086][TRAIN] loss=0.0812 | train_acc=0.9715 | val_acc=0.8416 | asr=0.0814 | aas_mean=2.5238 | precision=0.2150 | recall=0.5750 | f1=0.3129
[2026-05-16 10:41:48][cifar10_wanet_xai_splitshield_split2_s42][INFO] [Epoch 087][TRAIN] loss=0.0794 | train_acc=0.9718 | val_acc=0.8393 | asr=0.1232 | aas_mean=2.0676 | precision=0.2456 | recall=0.4000 | f1=0.3043
[2026-05-16 10:42:14][cifar10_wanet_xai_splitshield_split2_s42][INFO] [Epoch 088][TRAIN] loss=0.0709 | train_acc=0.9757 | val_acc=0.8444 | asr=0.0740 | aas_mean=2.2287 | precision=0.4079 | recall=0.7561 | f1=0.5299
[2026-05-16 10:42:41][cifar10_wanet_xai_splitshield_split2_s42][INFO] [Epoch 089][TRAIN] loss=0.0689 | train_acc=0.9753 | val_acc=0.8350 | asr=0.0744 | aas_mean=2.2232 | precision=0.3014 | recall=0.5789 | f1=0.3964
[2026-05-16 10:43:07][cifar10_wanet_xai_splitshield_split2_s42][INFO] [Epoch 090][TRAIN] loss=0.0683 | train_acc=0.9769 | val_acc=0.8461 | asr=0.0989 | aas_mean=2.2013 | precision=0.4521 | recall=0.7857 | f1=0.5739
[2026-05-16 10:43:33][cifar10_wanet_xai_splitshield_split2_s42][INFO] [Epoch 091][TRAIN] loss=0.0661 | train_acc=0.9774 | val_acc=0.8414 | asr=0.0803 | aas_mean=2.2350 | precision=0.4054 | recall=0.6977 | f1=0.5128
[2026-05-16 10:44:00][cifar10_wanet_xai_splitshield_split2_s42][INFO] [Epoch 092][TRAIN] loss=0.0657 | train_acc=0.9774 | val_acc=0.1000 | asr=1.0000 | aas_mean=2.2750 | precision=0.1829 | recall=0.6818 | f1=0.2885
[2026-05-16 10:44:26][cifar10_wanet_xai_splitshield_split2_s42][INFO] [Epoch 093][TRAIN] loss=0.0649 | train_acc=0.9778 | val_acc=0.8447 | asr=0.1159 | aas_mean=2.2705 | precision=0.2346 | recall=0.6129 | f1=0.3393
[2026-05-16 10:44:53][cifar10_wanet_xai_splitshield_split2_s42][INFO] [Epoch 094][TRAIN] loss=0.0630 | train_acc=0.9779 | val_acc=0.8460 | asr=0.0636 | aas_mean=2.0884 | precision=0.2903 | recall=0.6207 | f1=0.3956
[2026-05-16 10:45:19][cifar10_wanet_xai_splitshield_split2_s42][INFO] [Epoch 095][TRAIN] loss=0.0622 | train_acc=0.9793 | val_acc=0.8382 | asr=0.0356 | aas_mean=2.3918 | precision=0.3256 | recall=0.8485 | f1=0.4706
[2026-05-16 10:45:46][cifar10_wanet_xai_splitshield_split2_s42][INFO] [Epoch 096][TRAIN] loss=0.0606 | train_acc=0.9796 | val_acc=0.8449 | asr=0.0560 | aas_mean=2.2978 | precision=0.3077 | recall=0.7568 | f1=0.4375
[2026-05-16 10:46:12][cifar10_wanet_xai_splitshield_split2_s42][INFO] [Epoch 097][TRAIN] loss=0.0570 | train_acc=0.9808 | val_acc=0.8450 | asr=0.0436 | aas_mean=2.2061 | precision=0.4177 | recall=0.7674 | f1=0.5410
[2026-05-16 10:46:38][cifar10_wanet_xai_splitshield_split2_s42][INFO] [Epoch 098][TRAIN] loss=0.0582 | train_acc=0.9806 | val_acc=0.8385 | asr=0.0914 | aas_mean=2.1576 | precision=0.3623 | recall=0.6098 | f1=0.4545
[2026-05-16 10:47:05][cifar10_wanet_xai_splitshield_split2_s42][INFO] [Epoch 099][TRAIN] loss=0.0605 | train_acc=0.9798 | val_acc=0.8466 | asr=0.0671 | aas_mean=2.2292 | precision=0.2530 | recall=0.7241 | f1=0.3750
[2026-05-16 10:47:31][cifar10_wanet_xai_splitshield_split2_s42][INFO] [Epoch 100][TRAIN] loss=0.0563 | train_acc=0.9815 | val_acc=0.8374 | asr=0.0660 | aas_mean=2.2399 | precision=0.4103 | recall=0.6038 | f1=0.4885
[2026-05-16 10:47:39][cifar10_wanet_xai_splitshield_split2_s42][INFO] Final summary saved to results/cifar10_wanet_xai_splitshield_split2_s42/summary.json
[2026-05-16 10:47:39][cifar10_wanet_xai_splitshield_split2_s42][INFO] Results: {'run_name': 'cifar10_wanet_xai_splitshield_split2_s42', 'final_ca': 83.74, 'final_asr': 6.6, 'config': {'dataset': 'cifar10', 'attack': 'wanet', 'defense': 'xai_splitshield', 'split_layer': 2, 'poison_rate': 0.1, 'epochs': 100, 'batch_size': 128, 'lr': 0.01, 'seed': 42, 'num_clients': 1, 'num_malicious': 0, 'target_class': 0, 'log_dir': './results', 'warmup_epochs': 5, 'image_size': 32, 'num_workers': 4, 'weight_decay': 0.0005, 'adaptive': False, 'ablation': False}}
[2026-05-16 10:47:39][cifar10_wanet_xai_splitshield_split2_s42][INFO] 
==================================================
[2026-05-16 10:47:39][cifar10_wanet_xai_splitshield_split2_s42][INFO] FINAL  CA = 83.74%   ASR = 6.60%
[2026-05-16 10:47:39][cifar10_wanet_xai_splitshield_split2_s42][INFO] ==================================================

[2026-05-16 10:47:40][cifar10_wanet_xai_splitshield_split2_s42][INFO] Models saved to results/cifar10_wanet_xai_splitshield_split2_s42/checkpoints
