[2026-05-11 17:03:06][cifar10_badnets_xai_splitshield_split2_s42][INFO] TensorBoard writer initialized.
[2026-05-11 17:03:06][cifar10_badnets_xai_splitshield_split2_s42][INFO] Running: cifar10_badnets_xai_splitshield_split2_s42
[2026-05-11 17:03:06][cifar10_badnets_xai_splitshield_split2_s42][INFO] Device: cuda
[2026-05-11 17:04:43][cifar10_badnets_xai_splitshield_split2_s42][INFO] Smashed data shape: torch.Size([128, 4, 4])  (d=2048)
[2026-05-11 17:04:43][cifar10_badnets_xai_splitshield_split2_s42][INFO] [Epoch 1] WARM-UP PHASE
[2026-05-11 17:04:54][cifar10_badnets_xai_splitshield_split2_s42][INFO] [Epoch 001][TRAIN] loss=2.0174 | train_acc=0.3186 | val_acc=0.4691 | asr=0.0000 | aas_mean=0.0000 | precision=0.0000 | recall=0.0000 | f1=0.0000
[2026-05-11 17:04:54][cifar10_badnets_xai_splitshield_split2_s42][INFO] [Epoch 2] WARM-UP PHASE
[2026-05-11 17:05:04][cifar10_badnets_xai_splitshield_split2_s42][INFO] [Epoch 002][TRAIN] loss=1.5903 | train_acc=0.4298 | val_acc=0.5263 | asr=0.0000 | aas_mean=0.0000 | precision=0.0000 | recall=0.0000 | f1=0.0000
[2026-05-11 17:05:04][cifar10_badnets_xai_splitshield_split2_s42][INFO] [Epoch 3] WARM-UP PHASE
[2026-05-11 17:05:15][cifar10_badnets_xai_splitshield_split2_s42][INFO] [Epoch 003][TRAIN] loss=1.4594 | train_acc=0.4742 | val_acc=0.5530 | asr=0.0000 | aas_mean=0.0000 | precision=0.0000 | recall=0.0000 | f1=0.0000
[2026-05-11 17:05:15][cifar10_badnets_xai_splitshield_split2_s42][INFO] [Epoch 4] WARM-UP PHASE
[2026-05-11 17:05:25][cifar10_badnets_xai_splitshield_split2_s42][INFO] [Epoch 004][TRAIN] loss=1.3362 | train_acc=0.5268 | val_acc=0.6042 | asr=0.0000 | aas_mean=0.0000 | precision=0.0000 | recall=0.0000 | f1=0.0000
[2026-05-11 17:05:25][cifar10_badnets_xai_splitshield_split2_s42][INFO] [Epoch 5] WARM-UP PHASE
[2026-05-11 17:05:36][cifar10_badnets_xai_splitshield_split2_s42][INFO] [Epoch 005][TRAIN] loss=1.2120 | train_acc=0.5781 | val_acc=0.6243 | asr=0.0000 | aas_mean=0.0000 | precision=0.0000 | recall=0.0000 | f1=0.0000
[2026-05-11 17:05:36][cifar10_badnets_xai_splitshield_split2_s42][INFO] Defense calibrated. Threshold τ = 2.9930
[2026-05-11 17:06:04][cifar10_badnets_xai_splitshield_split2_s42][INFO] [Epoch 006][TRAIN] loss=1.3500 | train_acc=0.5165 | val_acc=0.5662 | asr=0.0794 | aas_mean=4.9175 | precision=0.1266 | recall=0.7317 | f1=0.2158
[2026-05-11 17:06:32][cifar10_badnets_xai_splitshield_split2_s42][INFO] [Epoch 007][TRAIN] loss=1.2478 | train_acc=0.5647 | val_acc=0.6413 | asr=0.0558 | aas_mean=5.5123 | precision=0.0672 | recall=0.4211 | f1=0.1159
[2026-05-11 17:07:00][cifar10_badnets_xai_splitshield_split2_s42][INFO] [Epoch 008][TRAIN] loss=1.1454 | train_acc=0.5998 | val_acc=0.7048 | asr=0.0246 | aas_mean=5.5757 | precision=0.0932 | recall=0.5500 | f1=0.1594
[2026-05-11 17:07:28][cifar10_badnets_xai_splitshield_split2_s42][INFO] [Epoch 009][TRAIN] loss=1.1044 | train_acc=0.6180 | val_acc=0.6591 | asr=0.0921 | aas_mean=6.6823 | precision=0.1096 | recall=0.8462 | f1=0.1941
[2026-05-11 17:07:57][cifar10_badnets_xai_splitshield_split2_s42][INFO] [Epoch 010][TRAIN] loss=1.0395 | train_acc=0.6461 | val_acc=0.6406 | asr=0.0978 | aas_mean=6.3125 | precision=0.0775 | recall=0.7500 | f1=0.1405
[2026-05-11 17:08:25][cifar10_badnets_xai_splitshield_split2_s42][INFO] [Epoch 011][TRAIN] loss=0.8539 | train_acc=0.7076 | val_acc=0.7038 | asr=0.0483 | aas_mean=6.4531 | precision=0.1074 | recall=0.7838 | f1=0.1889
[2026-05-11 17:08:53][cifar10_badnets_xai_splitshield_split2_s42][INFO] [Epoch 012][TRAIN] loss=0.7209 | train_acc=0.7484 | val_acc=0.7319 | asr=0.0119 | aas_mean=6.8294 | precision=0.1298 | recall=0.8222 | f1=0.2242
[2026-05-11 17:09:21][cifar10_badnets_xai_splitshield_split2_s42][INFO] [Epoch 013][TRAIN] loss=0.6932 | train_acc=0.7595 | val_acc=0.7111 | asr=0.0876 | aas_mean=6.2401 | precision=0.1069 | recall=0.8235 | f1=0.1892
[2026-05-11 17:09:49][cifar10_badnets_xai_splitshield_split2_s42][INFO] [Epoch 014][TRAIN] loss=0.6525 | train_acc=0.7731 | val_acc=0.7500 | asr=0.0642 | aas_mean=5.9558 | precision=0.1157 | recall=0.7568 | f1=0.2007
[2026-05-11 17:10:17][cifar10_badnets_xai_splitshield_split2_s42][INFO] [Epoch 015][TRAIN] loss=0.6133 | train_acc=0.7859 | val_acc=0.7461 | asr=0.0306 | aas_mean=6.7728 | precision=0.1115 | recall=0.7674 | f1=0.1947
[2026-05-11 17:10:45][cifar10_badnets_xai_splitshield_split2_s42][INFO] [Epoch 016][TRAIN] loss=0.6225 | train_acc=0.7842 | val_acc=0.7622 | asr=0.0190 | aas_mean=5.9044 | precision=0.1445 | recall=0.8261 | f1=0.2460
[2026-05-11 17:11:13][cifar10_badnets_xai_splitshield_split2_s42][INFO] [Epoch 017][TRAIN] loss=0.6167 | train_acc=0.7848 | val_acc=0.7440 | asr=0.0549 | aas_mean=4.6641 | precision=0.0863 | recall=0.5484 | f1=0.1491
[2026-05-11 17:11:41][cifar10_badnets_xai_splitshield_split2_s42][INFO] [Epoch 018][TRAIN] loss=0.5763 | train_acc=0.7987 | val_acc=0.7523 | asr=0.0240 | aas_mean=4.2932 | precision=0.1231 | recall=0.6000 | f1=0.2043
[2026-05-11 17:12:09][cifar10_badnets_xai_splitshield_split2_s42][INFO] [Epoch 019][TRAIN] loss=0.5576 | train_acc=0.8063 | val_acc=0.7575 | asr=0.0139 | aas_mean=3.7647 | precision=0.1779 | recall=0.6591 | f1=0.2802
[2026-05-11 17:12:36][cifar10_badnets_xai_splitshield_split2_s42][INFO] [Epoch 020][TRAIN] loss=0.5501 | train_acc=0.8076 | val_acc=0.7663 | asr=0.0230 | aas_mean=3.9593 | precision=0.1543 | recall=0.6750 | f1=0.2512
[2026-05-11 17:13:04][cifar10_badnets_xai_splitshield_split2_s42][INFO] [Epoch 021][TRAIN] loss=0.5350 | train_acc=0.8134 | val_acc=0.7775 | asr=0.0168 | aas_mean=3.7084 | precision=0.1364 | recall=0.6364 | f1=0.2246
[2026-05-11 17:13:32][cifar10_badnets_xai_splitshield_split2_s42][INFO] [Epoch 022][TRAIN] loss=0.5162 | train_acc=0.8202 | val_acc=0.0710 | asr=0.9941 | aas_mean=4.1548 | precision=0.1278 | recall=0.6571 | f1=0.2140
[2026-05-11 17:14:00][cifar10_badnets_xai_splitshield_split2_s42][INFO] [Epoch 023][TRAIN] loss=0.5099 | train_acc=0.8218 | val_acc=0.1003 | asr=0.9999 | aas_mean=3.8199 | precision=0.1802 | recall=0.6889 | f1=0.2857
[2026-05-11 17:14:27][cifar10_badnets_xai_splitshield_split2_s42][INFO] [Epoch 024][TRAIN] loss=0.4992 | train_acc=0.8249 | val_acc=0.7553 | asr=0.0232 | aas_mean=3.3038 | precision=0.1575 | recall=0.5263 | f1=0.2424
[2026-05-11 17:14:55][cifar10_badnets_xai_splitshield_split2_s42][INFO] [Epoch 025][TRAIN] loss=0.4729 | train_acc=0.8350 | val_acc=0.8032 | asr=0.0168 | aas_mean=3.7035 | precision=0.2143 | recall=0.8049 | f1=0.3385
[2026-05-11 17:15:23][cifar10_badnets_xai_splitshield_split2_s42][INFO] [Epoch 026][TRAIN] loss=0.4656 | train_acc=0.8368 | val_acc=0.7945 | asr=0.0108 | aas_mean=3.9747 | precision=0.2162 | recall=0.8333 | f1=0.3433
[2026-05-11 17:15:50][cifar10_badnets_xai_splitshield_split2_s42][INFO] [Epoch 027][TRAIN] loss=0.4740 | train_acc=0.8356 | val_acc=0.7807 | asr=0.0072 | aas_mean=3.7108 | precision=0.1124 | recall=0.5278 | f1=0.1854
[2026-05-11 17:16:18][cifar10_badnets_xai_splitshield_split2_s42][INFO] [Epoch 028][TRAIN] loss=0.4820 | train_acc=0.8333 | val_acc=0.7941 | asr=0.0197 | aas_mean=3.5212 | precision=0.1643 | recall=0.5897 | f1=0.2570
[2026-05-11 17:16:46][cifar10_badnets_xai_splitshield_split2_s42][INFO] [Epoch 029][TRAIN] loss=0.4629 | train_acc=0.8376 | val_acc=0.7736 | asr=0.0126 | aas_mean=3.6527 | precision=0.1280 | recall=0.6774 | f1=0.2154
[2026-05-11 17:17:13][cifar10_badnets_xai_splitshield_split2_s42][INFO] [Epoch 030][TRAIN] loss=0.4582 | train_acc=0.8403 | val_acc=0.8025 | asr=0.0138 | aas_mean=3.0210 | precision=0.1240 | recall=0.4839 | f1=0.1974
[2026-05-11 17:17:40][cifar10_badnets_xai_splitshield_split2_s42][INFO] [Epoch 031][TRAIN] loss=0.4372 | train_acc=0.8465 | val_acc=0.7995 | asr=0.0169 | aas_mean=2.9778 | precision=0.1074 | recall=0.4815 | f1=0.1757
[2026-05-11 17:18:08][cifar10_badnets_xai_splitshield_split2_s42][INFO] [Epoch 032][TRAIN] loss=0.4351 | train_acc=0.8485 | val_acc=0.8081 | asr=0.0218 | aas_mean=3.0982 | precision=0.1575 | recall=0.6897 | f1=0.2564
[2026-05-11 17:18:35][cifar10_badnets_xai_splitshield_split2_s42][INFO] [Epoch 033][TRAIN] loss=0.3967 | train_acc=0.8608 | val_acc=0.8096 | asr=0.0132 | aas_mean=3.2039 | precision=0.1917 | recall=0.5227 | f1=0.2805
[2026-05-11 17:19:03][cifar10_badnets_xai_splitshield_split2_s42][INFO] [Epoch 034][TRAIN] loss=0.3882 | train_acc=0.8646 | val_acc=0.1008 | asr=0.9991 | aas_mean=3.5849 | precision=0.2278 | recall=0.7826 | f1=0.3529
[2026-05-11 17:19:30][cifar10_badnets_xai_splitshield_split2_s42][INFO] [Epoch 035][TRAIN] loss=0.4054 | train_acc=0.8587 | val_acc=0.8152 | asr=0.0120 | aas_mean=3.4626 | precision=0.1831 | recall=0.7222 | f1=0.2921
[2026-05-11 17:19:58][cifar10_badnets_xai_splitshield_split2_s42][INFO] [Epoch 036][TRAIN] loss=0.3907 | train_acc=0.8647 | val_acc=0.8123 | asr=0.0081 | aas_mean=3.3922 | precision=0.2207 | recall=0.7619 | f1=0.3422
[2026-05-11 17:20:25][cifar10_badnets_xai_splitshield_split2_s42][INFO] [Epoch 037][TRAIN] loss=0.3822 | train_acc=0.8666 | val_acc=0.7888 | asr=0.0227 | aas_mean=3.4146 | precision=0.1800 | recall=0.7714 | f1=0.2919
[2026-05-11 17:20:53][cifar10_badnets_xai_splitshield_split2_s42][INFO] [Epoch 038][TRAIN] loss=0.3613 | train_acc=0.8729 | val_acc=0.8176 | asr=0.0113 | aas_mean=3.3344 | precision=0.2105 | recall=0.5600 | f1=0.3060
[2026-05-11 17:21:20][cifar10_badnets_xai_splitshield_split2_s42][INFO] [Epoch 039][TRAIN] loss=0.3601 | train_acc=0.8747 | val_acc=0.7855 | asr=0.0179 | aas_mean=3.0269 | precision=0.1786 | recall=0.5128 | f1=0.2649
[2026-05-11 17:21:47][cifar10_badnets_xai_splitshield_split2_s42][INFO] [Epoch 040][TRAIN] loss=0.3668 | train_acc=0.8714 | val_acc=0.8143 | asr=0.0191 | aas_mean=2.5881 | precision=0.1625 | recall=0.4194 | f1=0.2342
[2026-05-11 17:22:15][cifar10_badnets_xai_splitshield_split2_s42][INFO] [Epoch 041][TRAIN] loss=0.3441 | train_acc=0.8789 | val_acc=0.8230 | asr=0.0147 | aas_mean=2.9486 | precision=0.2564 | recall=0.6977 | f1=0.3750
[2026-05-11 17:22:42][cifar10_badnets_xai_splitshield_split2_s42][INFO] [Epoch 042][TRAIN] loss=0.3444 | train_acc=0.8791 | val_acc=0.8001 | asr=0.0272 | aas_mean=3.0337 | precision=0.2348 | recall=0.7045 | f1=0.3523
[2026-05-11 17:23:09][cifar10_badnets_xai_splitshield_split2_s42][INFO] [Epoch 043][TRAIN] loss=0.3460 | train_acc=0.8773 | val_acc=0.8132 | asr=0.0098 | aas_mean=3.0177 | precision=0.1769 | recall=0.5349 | f1=0.2659
[2026-05-11 17:23:37][cifar10_badnets_xai_splitshield_split2_s42][INFO] [Epoch 044][TRAIN] loss=0.3222 | train_acc=0.8863 | val_acc=0.7976 | asr=0.0221 | aas_mean=3.0592 | precision=0.2689 | recall=0.5714 | f1=0.3657
[2026-05-11 17:24:04][cifar10_badnets_xai_splitshield_split2_s42][INFO] [Epoch 045][TRAIN] loss=0.3301 | train_acc=0.8845 | val_acc=0.8177 | asr=0.0092 | aas_mean=2.8556 | precision=0.1538 | recall=0.5455 | f1=0.2400
[2026-05-11 17:24:32][cifar10_badnets_xai_splitshield_split2_s42][INFO] [Epoch 046][TRAIN] loss=0.3134 | train_acc=0.8892 | val_acc=0.8060 | asr=0.0114 | aas_mean=2.5475 | precision=0.2632 | recall=0.7143 | f1=0.3846
[2026-05-11 17:24:59][cifar10_badnets_xai_splitshield_split2_s42][INFO] [Epoch 047][TRAIN] loss=0.3115 | train_acc=0.8918 | val_acc=0.8215 | asr=0.0141 | aas_mean=2.5948 | precision=0.2404 | recall=0.5814 | f1=0.3401
[2026-05-11 17:25:26][cifar10_badnets_xai_splitshield_split2_s42][INFO] [Epoch 048][TRAIN] loss=0.3246 | train_acc=0.8850 | val_acc=0.1000 | asr=1.0000 | aas_mean=2.4738 | precision=0.1456 | recall=0.4545 | f1=0.2206
[2026-05-11 17:25:54][cifar10_badnets_xai_splitshield_split2_s42][INFO] [Epoch 049][TRAIN] loss=0.3104 | train_acc=0.8905 | val_acc=0.8244 | asr=0.0136 | aas_mean=2.5574 | precision=0.1798 | recall=0.4571 | f1=0.2581
[2026-05-11 17:26:21][cifar10_badnets_xai_splitshield_split2_s42][INFO] [Epoch 050][TRAIN] loss=0.2878 | train_acc=0.8976 | val_acc=0.8326 | asr=0.0131 | aas_mean=2.7089 | precision=0.2936 | recall=0.6531 | f1=0.4051
[2026-05-11 17:26:48][cifar10_badnets_xai_splitshield_split2_s42][INFO] [Epoch 051][TRAIN] loss=0.2924 | train_acc=0.8948 | val_acc=0.8325 | asr=0.0182 | aas_mean=2.5055 | precision=0.1368 | recall=0.4483 | f1=0.2097
[2026-05-11 17:27:16][cifar10_badnets_xai_splitshield_split2_s42][INFO] [Epoch 052][TRAIN] loss=0.2791 | train_acc=0.9015 | val_acc=0.8218 | asr=0.0120 | aas_mean=2.5749 | precision=0.1264 | recall=0.3056 | f1=0.1789
[2026-05-11 17:27:43][cifar10_badnets_xai_splitshield_split2_s42][INFO] [Epoch 053][TRAIN] loss=0.2622 | train_acc=0.9077 | val_acc=0.8051 | asr=0.0114 | aas_mean=2.6897 | precision=0.2525 | recall=0.5556 | f1=0.3472
[2026-05-11 17:28:10][cifar10_badnets_xai_splitshield_split2_s42][INFO] [Epoch 054][TRAIN] loss=0.2708 | train_acc=0.9044 | val_acc=0.8262 | asr=0.0110 | aas_mean=2.4586 | precision=0.1910 | recall=0.4146 | f1=0.2615
[2026-05-11 17:28:37][cifar10_badnets_xai_splitshield_split2_s42][INFO] [Epoch 055][TRAIN] loss=0.2543 | train_acc=0.9115 | val_acc=0.8178 | asr=0.0109 | aas_mean=2.3916 | precision=0.1625 | recall=0.2766 | f1=0.2047
[2026-05-11 17:29:04][cifar10_badnets_xai_splitshield_split2_s42][INFO] [Epoch 056][TRAIN] loss=0.2556 | train_acc=0.9103 | val_acc=0.8328 | asr=0.0093 | aas_mean=2.5483 | precision=0.1340 | recall=0.3611 | f1=0.1955
[2026-05-11 17:29:32][cifar10_badnets_xai_splitshield_split2_s42][INFO] [Epoch 057][TRAIN] loss=0.2449 | train_acc=0.9134 | val_acc=0.8311 | asr=0.0143 | aas_mean=3.0031 | precision=0.1127 | recall=0.4211 | f1=0.1778
[2026-05-11 17:29:59][cifar10_badnets_xai_splitshield_split2_s42][INFO] [Epoch 058][TRAIN] loss=0.2270 | train_acc=0.9198 | val_acc=0.8359 | asr=0.0121 | aas_mean=2.9393 | precision=0.2034 | recall=0.4615 | f1=0.2824
[2026-05-11 17:30:26][cifar10_badnets_xai_splitshield_split2_s42][INFO] [Epoch 059][TRAIN] loss=0.2262 | train_acc=0.9188 | val_acc=0.8360 | asr=0.0080 | aas_mean=3.0914 | precision=0.1571 | recall=0.5000 | f1=0.2391
[2026-05-11 17:30:54][cifar10_badnets_xai_splitshield_split2_s42][INFO] [Epoch 060][TRAIN] loss=0.2224 | train_acc=0.9214 | val_acc=0.8419 | asr=0.0089 | aas_mean=3.0356 | precision=0.1172 | recall=0.4146 | f1=0.1828
[2026-05-11 17:31:21][cifar10_badnets_xai_splitshield_split2_s42][INFO] [Epoch 061][TRAIN] loss=0.2209 | train_acc=0.9210 | val_acc=0.1000 | asr=1.0000 | aas_mean=3.1623 | precision=0.1053 | recall=0.3902 | f1=0.1658
[2026-05-11 17:31:48][cifar10_badnets_xai_splitshield_split2_s42][INFO] [Epoch 062][TRAIN] loss=0.2088 | train_acc=0.9254 | val_acc=0.1000 | asr=1.0000 | aas_mean=2.5560 | precision=0.1064 | recall=0.2564 | f1=0.1504
[2026-05-11 17:32:15][cifar10_badnets_xai_splitshield_split2_s42][INFO] [Epoch 063][TRAIN] loss=0.2078 | train_acc=0.9256 | val_acc=0.8365 | asr=0.0078 | aas_mean=2.5923 | precision=0.1667 | recall=0.3846 | f1=0.2326
[2026-05-11 17:32:42][cifar10_badnets_xai_splitshield_split2_s42][INFO] [Epoch 064][TRAIN] loss=0.2049 | train_acc=0.9257 | val_acc=0.8310 | asr=0.0197 | aas_mean=3.2853 | precision=0.1429 | recall=0.5897 | f1=0.2300
[2026-05-11 17:33:09][cifar10_badnets_xai_splitshield_split2_s42][INFO] [Epoch 065][TRAIN] loss=0.1871 | train_acc=0.9331 | val_acc=0.8433 | asr=0.0070 | aas_mean=2.4402 | precision=0.2697 | recall=0.4898 | f1=0.3478
[2026-05-11 17:33:36][cifar10_badnets_xai_splitshield_split2_s42][INFO] [Epoch 066][TRAIN] loss=0.2003 | train_acc=0.9293 | val_acc=0.8425 | asr=0.0068 | aas_mean=2.4979 | precision=0.1048 | recall=0.4783 | f1=0.1719
[2026-05-11 17:34:03][cifar10_badnets_xai_splitshield_split2_s42][INFO] [Epoch 067][TRAIN] loss=0.1875 | train_acc=0.9338 | val_acc=0.8405 | asr=0.0078 | aas_mean=2.7373 | precision=0.1429 | recall=0.5152 | f1=0.2237
[2026-05-11 17:34:30][cifar10_badnets_xai_splitshield_split2_s42][INFO] [Epoch 068][TRAIN] loss=0.1816 | train_acc=0.9362 | val_acc=0.1000 | asr=1.0000 | aas_mean=2.2837 | precision=0.1765 | recall=0.4000 | f1=0.2449
[2026-05-11 17:34:57][cifar10_badnets_xai_splitshield_split2_s42][INFO] [Epoch 069][TRAIN] loss=0.1724 | train_acc=0.9376 | val_acc=0.8402 | asr=0.0088 | aas_mean=2.2814 | precision=0.2571 | recall=0.4186 | f1=0.3186
[2026-05-11 17:35:24][cifar10_badnets_xai_splitshield_split2_s42][INFO] [Epoch 070][TRAIN] loss=0.1624 | train_acc=0.9419 | val_acc=0.8357 | asr=0.0083 | aas_mean=2.3906 | precision=0.1875 | recall=0.4000 | f1=0.2553
[2026-05-11 17:35:50][cifar10_badnets_xai_splitshield_split2_s42][INFO] [Epoch 071][TRAIN] loss=0.1604 | train_acc=0.9433 | val_acc=0.8366 | asr=0.0084 | aas_mean=2.4308 | precision=0.1735 | recall=0.4595 | f1=0.2519
[2026-05-11 17:36:17][cifar10_badnets_xai_splitshield_split2_s42][INFO] [Epoch 072][TRAIN] loss=0.1565 | train_acc=0.9443 | val_acc=0.8446 | asr=0.0094 | aas_mean=2.4242 | precision=0.1743 | recall=0.5429 | f1=0.2639
[2026-05-11 17:36:44][cifar10_badnets_xai_splitshield_split2_s42][INFO] [Epoch 073][TRAIN] loss=0.1494 | train_acc=0.9475 | val_acc=0.8430 | asr=0.0184 | aas_mean=2.5075 | precision=0.1944 | recall=0.5676 | f1=0.2897
[2026-05-11 17:37:10][cifar10_badnets_xai_splitshield_split2_s42][INFO] [Epoch 074][TRAIN] loss=0.1439 | train_acc=0.9485 | val_acc=0.8467 | asr=0.0140 | aas_mean=2.0798 | precision=0.2329 | recall=0.4250 | f1=0.3009
[2026-05-11 17:37:37][cifar10_badnets_xai_splitshield_split2_s42][INFO] [Epoch 075][TRAIN] loss=0.1386 | train_acc=0.9517 | val_acc=0.8485 | asr=0.0098 | aas_mean=2.2458 | precision=0.2500 | recall=0.5000 | f1=0.3333
[2026-05-11 17:38:04][cifar10_badnets_xai_splitshield_split2_s42][INFO] [Epoch 076][TRAIN] loss=0.1335 | train_acc=0.9525 | val_acc=0.8449 | asr=0.0119 | aas_mean=2.3089 | precision=0.2174 | recall=0.6061 | f1=0.3200
[2026-05-11 17:38:30][cifar10_badnets_xai_splitshield_split2_s42][INFO] [Epoch 077][TRAIN] loss=0.1235 | train_acc=0.9561 | val_acc=0.8452 | asr=0.0077 | aas_mean=2.1070 | precision=0.3973 | recall=0.6744 | f1=0.5000
[2026-05-11 17:38:57][cifar10_badnets_xai_splitshield_split2_s42][INFO] [Epoch 078][TRAIN] loss=0.1231 | train_acc=0.9574 | val_acc=0.8499 | asr=0.0122 | aas_mean=2.0805 | precision=0.2805 | recall=0.6571 | f1=0.3932
[2026-05-11 17:39:24][cifar10_badnets_xai_splitshield_split2_s42][INFO] [Epoch 079][TRAIN] loss=0.1162 | train_acc=0.9579 | val_acc=0.8421 | asr=0.0110 | aas_mean=1.9438 | precision=0.3231 | recall=0.5122 | f1=0.3962
[2026-05-11 17:39:50][cifar10_badnets_xai_splitshield_split2_s42][INFO] [Epoch 080][TRAIN] loss=0.1166 | train_acc=0.9588 | val_acc=0.8503 | asr=0.0108 | aas_mean=2.0600 | precision=0.3594 | recall=0.6571 | f1=0.4646
[2026-05-11 17:40:17][cifar10_badnets_xai_splitshield_split2_s42][INFO] [Epoch 081][TRAIN] loss=0.1086 | train_acc=0.9618 | val_acc=0.8511 | asr=0.0059 | aas_mean=2.2450 | precision=0.2887 | recall=0.6829 | f1=0.4058
[2026-05-11 17:40:43][cifar10_badnets_xai_splitshield_split2_s42][INFO] [Epoch 082][TRAIN] loss=0.1036 | train_acc=0.9638 | val_acc=0.8482 | asr=0.0110 | aas_mean=2.0188 | precision=0.3382 | recall=0.6053 | f1=0.4340
[2026-05-11 17:41:10][cifar10_badnets_xai_splitshield_split2_s42][INFO] [Epoch 083][TRAIN] loss=0.0942 | train_acc=0.9677 | val_acc=0.8462 | asr=0.0114 | aas_mean=1.9328 | precision=0.3438 | recall=0.4889 | f1=0.4037
[2026-05-11 17:41:36][cifar10_badnets_xai_splitshield_split2_s42][INFO] [Epoch 084][TRAIN] loss=0.0964 | train_acc=0.9654 | val_acc=0.8498 | asr=0.0127 | aas_mean=2.0616 | precision=0.4179 | recall=0.7000 | f1=0.5234
[2026-05-11 17:42:03][cifar10_badnets_xai_splitshield_split2_s42][INFO] [Epoch 085][TRAIN] loss=0.0919 | train_acc=0.9674 | val_acc=0.1000 | asr=1.0000 | aas_mean=2.0557 | precision=0.4054 | recall=0.8824 | f1=0.5556
[2026-05-11 17:42:30][cifar10_badnets_xai_splitshield_split2_s42][INFO] [Epoch 086][TRAIN] loss=0.0846 | train_acc=0.9704 | val_acc=0.8484 | asr=0.0117 | aas_mean=2.2889 | precision=0.3371 | recall=0.7500 | f1=0.4651
[2026-05-11 17:42:56][cifar10_badnets_xai_splitshield_split2_s42][INFO] [Epoch 087][TRAIN] loss=0.0849 | train_acc=0.9709 | val_acc=0.8495 | asr=0.0173 | aas_mean=1.8340 | precision=0.4038 | recall=0.6000 | f1=0.4828
[2026-05-11 17:43:22][cifar10_badnets_xai_splitshield_split2_s42][INFO] [Epoch 088][TRAIN] loss=0.0797 | train_acc=0.9720 | val_acc=0.8468 | asr=0.0101 | aas_mean=1.9706 | precision=0.4308 | recall=0.6829 | f1=0.5283
[2026-05-11 17:43:49][cifar10_badnets_xai_splitshield_split2_s42][INFO] [Epoch 089][TRAIN] loss=0.0772 | train_acc=0.9732 | val_acc=0.8489 | asr=0.0114 | aas_mean=1.9558 | precision=0.4286 | recall=0.7105 | f1=0.5347
[2026-05-11 17:44:15][cifar10_badnets_xai_splitshield_split2_s42][INFO] [Epoch 090][TRAIN] loss=0.0757 | train_acc=0.9741 | val_acc=0.8495 | asr=0.0111 | aas_mean=2.0433 | precision=0.3699 | recall=0.6429 | f1=0.4696
[2026-05-11 17:44:42][cifar10_badnets_xai_splitshield_split2_s42][INFO] [Epoch 091][TRAIN] loss=0.0717 | train_acc=0.9756 | val_acc=0.8470 | asr=0.0138 | aas_mean=1.9595 | precision=0.4143 | recall=0.6744 | f1=0.5133
[2026-05-11 17:45:08][cifar10_badnets_xai_splitshield_split2_s42][INFO] [Epoch 092][TRAIN] loss=0.0747 | train_acc=0.9738 | val_acc=0.1000 | asr=1.0000 | aas_mean=1.7446 | precision=0.2500 | recall=0.6364 | f1=0.3590
[2026-05-11 17:45:35][cifar10_badnets_xai_splitshield_split2_s42][INFO] [Epoch 093][TRAIN] loss=0.0720 | train_acc=0.9756 | val_acc=0.8387 | asr=0.0644 | aas_mean=2.1455 | precision=0.2979 | recall=0.9032 | f1=0.4480
[2026-05-11 17:46:01][cifar10_badnets_xai_splitshield_split2_s42][INFO] [Epoch 094][TRAIN] loss=0.0722 | train_acc=0.9756 | val_acc=0.8469 | asr=0.0150 | aas_mean=1.8450 | precision=0.3382 | recall=0.7931 | f1=0.4742
[2026-05-11 17:46:28][cifar10_badnets_xai_splitshield_split2_s42][INFO] [Epoch 095][TRAIN] loss=0.0724 | train_acc=0.9754 | val_acc=0.8520 | asr=0.0130 | aas_mean=1.7829 | precision=0.4231 | recall=0.6667 | f1=0.5176
[2026-05-11 17:46:54][cifar10_badnets_xai_splitshield_split2_s42][INFO] [Epoch 096][TRAIN] loss=0.0670 | train_acc=0.9772 | val_acc=0.8512 | asr=0.0142 | aas_mean=1.8038 | precision=0.4528 | recall=0.6486 | f1=0.5333
[2026-05-11 17:47:21][cifar10_badnets_xai_splitshield_split2_s42][INFO] [Epoch 097][TRAIN] loss=0.0649 | train_acc=0.9781 | val_acc=0.8519 | asr=0.0214 | aas_mean=1.8483 | precision=0.5254 | recall=0.7209 | f1=0.6078
[2026-05-11 17:47:47][cifar10_badnets_xai_splitshield_split2_s42][INFO] [Epoch 098][TRAIN] loss=0.0659 | train_acc=0.9778 | val_acc=0.8503 | asr=0.0138 | aas_mean=2.0396 | precision=0.3836 | recall=0.6829 | f1=0.4912
[2026-05-11 17:48:14][cifar10_badnets_xai_splitshield_split2_s42][INFO] [Epoch 099][TRAIN] loss=0.0669 | train_acc=0.9771 | val_acc=0.8474 | asr=0.0260 | aas_mean=1.8115 | precision=0.3279 | recall=0.6897 | f1=0.4444
[2026-05-11 17:48:40][cifar10_badnets_xai_splitshield_split2_s42][INFO] [Epoch 100][TRAIN] loss=0.0648 | train_acc=0.9776 | val_acc=0.8512 | asr=0.0094 | aas_mean=2.1399 | precision=0.4430 | recall=0.6604 | f1=0.5303
[2026-05-11 17:48:48][cifar10_badnets_xai_splitshield_split2_s42][INFO] Final summary saved to results/cifar10_badnets_xai_splitshield_split2_s42/summary.json
[2026-05-11 17:48:48][cifar10_badnets_xai_splitshield_split2_s42][INFO] Results: {'run_name': 'cifar10_badnets_xai_splitshield_split2_s42', 'final_ca': 85.14, 'final_asr': 0.94, 'config': {'dataset': 'cifar10', 'attack': 'badnets', 'defense': 'xai_splitshield', 'split_layer': 2, 'poison_rate': 0.1, 'epochs': 100, 'batch_size': 128, 'lr': 0.01, 'seed': 42, 'num_clients': 1, 'num_malicious': 0, 'target_class': 0, 'log_dir': './results', 'warmup_epochs': 5, 'image_size': 32, 'num_workers': 4, 'weight_decay': 0.0005, 'adaptive': False, 'ablation': False}}
[2026-05-11 17:48:48][cifar10_badnets_xai_splitshield_split2_s42][INFO] 
==================================================
[2026-05-11 17:48:48][cifar10_badnets_xai_splitshield_split2_s42][INFO] FINAL  CA = 85.14%   ASR = 0.94%
[2026-05-11 17:48:48][cifar10_badnets_xai_splitshield_split2_s42][INFO] ==================================================

